Java HotSpot(TM) 64-Bit Server VM (25.45-b02) for bsd-amd64 JRE (1.8.0_45-b14), built on Apr 10 2015 10:46:38 by "java_re" with gcc 4.2.1 (Based on Apple Inc. build 5658) (LLVM build 2336.11.00)
Memory: 4k page, physical 16777216k(776468k free)

/proc/meminfo:

CommandLine flags: -XX:CMSInitiatingOccupancyFraction=50 -XX:CMSMaxAbortablePrecleanTime=6000 -XX:+CMSParallelRemarkEnabled -XX:+CMSScavengeBeforeRemark -XX:ConcGCThreads=4 -XX:InitialHeapSize=536870912 -XX:MaxHeapSize=536870912 -XX:MaxTenuringThreshold=8 -XX:NewRatio=3 -XX:OldPLABSize=16 -XX:ParallelGCThreads=4 -XX:+ParallelRefProcEnabled -XX:PretenureSizeThreshold=67108864 -XX:+PrintGC -XX:+PrintGCApplicationStoppedTime -XX:+PrintGCDateStamps -XX:+PrintGCDetails -XX:+PrintGCTimeStamps -XX:+PrintHeapAtGC -XX:+PrintTenuringDistribution -XX:SurvivorRatio=4 -XX:TargetSurvivorRatio=90 -XX:ThreadStackSize=256 -XX:+UseCMSInitiatingOccupancyOnly -XX:+UseCompressedClassPointers -XX:+UseCompressedOops -XX:+UseConcMarkSweepGC -XX:+UseParNewGC 
2015-12-16T21:51:05.307+0800: 0.147: Total time for which application threads were stopped: 0.0000732 seconds, Stopping threads took: 0.0000097 seconds
2015-12-16T21:51:05.447+0800: 0.287: Total time for which application threads were stopped: 0.0002794 seconds, Stopping threads took: 0.0000231 seconds
2015-12-16T21:51:05.518+0800: 0.358: Total time for which application threads were stopped: 0.0001045 seconds, Stopping threads took: 0.0000112 seconds
2015-12-16T21:51:05.602+0800: 0.442: Total time for which application threads were stopped: 0.0001074 seconds, Stopping threads took: 0.0000099 seconds
2015-12-16T21:51:05.645+0800: 0.485: Total time for which application threads were stopped: 0.0001413 seconds, Stopping threads took: 0.0000123 seconds
2015-12-16T21:51:05.656+0800: 0.496: Total time for which application threads were stopped: 0.0001458 seconds, Stopping threads took: 0.0000214 seconds
2015-12-16T21:51:05.667+0800: 0.507: Total time for which application threads were stopped: 0.0001315 seconds, Stopping threads took: 0.0000133 seconds
{Heap before GC invocations=0 (full 0):
 par new generation   total 109248K, used 87424K [0x00000007a0000000, 0x00000007a8000000, 0x00000007a8000000)
  eden space 87424K, 100% used [0x00000007a0000000, 0x00000007a5560000, 0x00000007a5560000)
  from space 21824K,   0% used [0x00000007a5560000, 0x00000007a5560000, 0x00000007a6ab0000)
  to   space 21824K,   0% used [0x00000007a6ab0000, 0x00000007a6ab0000, 0x00000007a8000000)
 concurrent mark-sweep generation total 393216K, used 0K [0x00000007a8000000, 0x00000007c0000000, 0x00000007c0000000)
 Metaspace       used 10053K, capacity 10210K, committed 10496K, reserved 1058816K
  class space    used 1140K, capacity 1209K, committed 1280K, reserved 1048576K
2015-12-16T21:51:05.928+0800: 0.768: [GC (Allocation Failure) 0.768: [ParNew
Desired survivor size 20112992 bytes, new threshold 8 (max 8)
- age   1:    5187944 bytes,    5187944 total
: 87424K->5129K(109248K), 0.0051535 secs] 87424K->5129K(502464K), 0.0052485 secs] [Times: user=0.01 sys=0.01, real=0.01 secs] 
Heap after GC invocations=1 (full 0):
 par new generation   total 109248K, used 5129K [0x00000007a0000000, 0x00000007a8000000, 0x00000007a8000000)
  eden space 87424K,   0% used [0x00000007a0000000, 0x00000007a0000000, 0x00000007a5560000)
  from space 21824K,  23% used [0x00000007a6ab0000, 0x00000007a6fb2470, 0x00000007a8000000)
  to   space 21824K,   0% used [0x00000007a5560000, 0x00000007a5560000, 0x00000007a6ab0000)
 concurrent mark-sweep generation total 393216K, used 0K [0x00000007a8000000, 0x00000007c0000000, 0x00000007c0000000)
 Metaspace       used 10053K, capacity 10210K, committed 10496K, reserved 1058816K
  class space    used 1140K, capacity 1209K, committed 1280K, reserved 1048576K
}
2015-12-16T21:51:05.933+0800: 0.774: Total time for which application threads were stopped: 0.0055045 seconds, Stopping threads took: 0.0000338 seconds
2015-12-16T21:51:06.031+0800: 0.871: Total time for which application threads were stopped: 0.0001785 seconds, Stopping threads took: 0.0000137 seconds
2015-12-16T21:51:06.367+0800: 1.207: Total time for which application threads were stopped: 0.0002526 seconds, Stopping threads took: 0.0000123 seconds
2015-12-16T21:51:06.368+0800: 1.208: Total time for which application threads were stopped: 0.0000924 seconds, Stopping threads took: 0.0000066 seconds
2015-12-16T21:51:06.371+0800: 1.211: Total time for which application threads were stopped: 0.0001477 seconds, Stopping threads took: 0.0000079 seconds
{Heap before GC invocations=1 (full 0):
 par new generation   total 109248K, used 92553K [0x00000007a0000000, 0x00000007a8000000, 0x00000007a8000000)
  eden space 87424K, 100% used [0x00000007a0000000, 0x00000007a5560000, 0x00000007a5560000)
  from space 21824K,  23% used [0x00000007a6ab0000, 0x00000007a6fb2470, 0x00000007a8000000)
  to   space 21824K,   0% used [0x00000007a5560000, 0x00000007a5560000, 0x00000007a6ab0000)
 concurrent mark-sweep generation total 393216K, used 0K [0x00000007a8000000, 0x00000007c0000000, 0x00000007c0000000)
 Metaspace       used 19769K, capacity 20100K, committed 20480K, reserved 1067008K
  class space    used 2338K, capacity 2455K, committed 2560K, reserved 1048576K
2015-12-16T21:51:06.560+0800: 1.400: [GC (Allocation Failure) 1.400: [ParNew
Desired survivor size 20112992 bytes, new threshold 8 (max 8)
- age   1:    7900584 bytes,    7900584 total
- age   2:    2516336 bytes,   10416920 total
: 92553K->12064K(109248K), 0.0075449 secs] 92553K->12064K(502464K), 0.0076197 secs] [Times: user=0.02 sys=0.01, real=0.00 secs] 
Heap after GC invocations=2 (full 0):
 par new generation   total 109248K, used 12064K [0x00000007a0000000, 0x00000007a8000000, 0x00000007a8000000)
  eden space 87424K,   0% used [0x00000007a0000000, 0x00000007a0000000, 0x00000007a5560000)
  from space 21824K,  55% used [0x00000007a5560000, 0x00000007a61281d0, 0x00000007a6ab0000)
  to   space 21824K,   0% used [0x00000007a6ab0000, 0x00000007a6ab0000, 0x00000007a8000000)
 concurrent mark-sweep generation total 393216K, used 0K [0x00000007a8000000, 0x00000007c0000000, 0x00000007c0000000)
 Metaspace       used 19769K, capacity 20100K, committed 20480K, reserved 1067008K
  class space    used 2338K, capacity 2455K, committed 2560K, reserved 1048576K
}
2015-12-16T21:51:06.567+0800: 1.407: Total time for which application threads were stopped: 0.0078306 seconds, Stopping threads took: 0.0000275 seconds
2015-12-16T21:51:06.605+0800: 1.445: Total time for which application threads were stopped: 0.0002324 seconds, Stopping threads took: 0.0000143 seconds
2015-12-16T21:51:06.639+0800: 1.480: Total time for which application threads were stopped: 0.0002220 seconds, Stopping threads took: 0.0000158 seconds
2015-12-16T21:51:07.643+0800: 2.483: Total time for which application threads were stopped: 0.0001094 seconds, Stopping threads took: 0.0000268 seconds
2015-12-16T21:51:09.274+0800: 4.114: Total time for which application threads were stopped: 0.0002393 seconds, Stopping threads took: 0.0000201 seconds
2015-12-16T21:51:11.006+0800: 5.846: Total time for which application threads were stopped: 0.0000675 seconds, Stopping threads took: 0.0000166 seconds
2015-12-16T21:51:11.009+0800: 5.849: Total time for which application threads were stopped: 0.0000567 seconds, Stopping threads took: 0.0000128 seconds
2015-12-16T21:51:11.024+0800: 5.864: Total time for which application threads were stopped: 0.0002323 seconds, Stopping threads took: 0.0000152 seconds
2015-12-16T21:51:11.035+0800: 5.876: Total time for which application threads were stopped: 0.0001005 seconds, Stopping threads took: 0.0000171 seconds
2015-12-16T21:51:11.037+0800: 5.877: Total time for which application threads were stopped: 0.0000781 seconds, Stopping threads took: 0.0000378 seconds
2015-12-16T21:51:11.050+0800: 5.890: Total time for which application threads were stopped: 0.0002329 seconds, Stopping threads took: 0.0000132 seconds
2015-12-16T21:51:11.056+0800: 5.896: Total time for which application threads were stopped: 0.0000829 seconds, Stopping threads took: 0.0000114 seconds
2015-12-16T21:51:11.079+0800: 5.919: Total time for which application threads were stopped: 0.0001389 seconds, Stopping threads took: 0.0000518 seconds
2015-12-16T21:51:11.086+0800: 5.926: Total time for which application threads were stopped: 0.0002674 seconds, Stopping threads took: 0.0000149 seconds
2015-12-16T21:51:11.087+0800: 5.927: Total time for which application threads were stopped: 0.0000658 seconds, Stopping threads took: 0.0000113 seconds
2015-12-16T21:51:11.087+0800: 5.927: Total time for which application threads were stopped: 0.0000526 seconds, Stopping threads took: 0.0000074 seconds
2015-12-16T21:51:11.087+0800: 5.928: Total time for which application threads were stopped: 0.0000985 seconds, Stopping threads took: 0.0000412 seconds
2015-12-16T21:51:11.087+0800: 5.928: Total time for which application threads were stopped: 0.0000415 seconds, Stopping threads took: 0.0000059 seconds
2015-12-16T21:51:11.088+0800: 5.928: Total time for which application threads were stopped: 0.0000521 seconds, Stopping threads took: 0.0000202 seconds
2015-12-16T21:51:11.093+0800: 5.933: Total time for which application threads were stopped: 0.0000716 seconds, Stopping threads took: 0.0000263 seconds
2015-12-16T21:51:11.093+0800: 5.933: Total time for which application threads were stopped: 0.0000557 seconds, Stopping threads took: 0.0000195 seconds
2015-12-16T21:51:11.093+0800: 5.933: Total time for which application threads were stopped: 0.0000535 seconds, Stopping threads took: 0.0000184 seconds
2015-12-16T21:51:11.093+0800: 5.934: Total time for which application threads were stopped: 0.0000404 seconds, Stopping threads took: 0.0000069 seconds
2015-12-16T21:51:11.093+0800: 5.934: Total time for which application threads were stopped: 0.0000389 seconds, Stopping threads took: 0.0000065 seconds
2015-12-16T21:51:11.101+0800: 5.942: Total time for which application threads were stopped: 0.0002500 seconds, Stopping threads took: 0.0000295 seconds
2015-12-16T21:51:11.128+0800: 5.968: Total time for which application threads were stopped: 0.0000823 seconds, Stopping threads took: 0.0000188 seconds
2015-12-16T21:51:11.128+0800: 5.969: Total time for which application threads were stopped: 0.0000427 seconds, Stopping threads took: 0.0000101 seconds
2015-12-16T21:51:11.132+0800: 5.973: Total time for which application threads were stopped: 0.0000620 seconds, Stopping threads took: 0.0000097 seconds
2015-12-16T21:51:11.140+0800: 5.980: Total time for which application threads were stopped: 0.0000862 seconds, Stopping threads took: 0.0000307 seconds
2015-12-16T21:51:11.142+0800: 5.982: Total time for which application threads were stopped: 0.0000707 seconds, Stopping threads took: 0.0000134 seconds
2015-12-16T21:51:12.572+0800: 7.412: [GC (CMS Initial Mark) [1 CMS-initial-mark: 0K(393216K)] 40045K(502464K), 0.0032932 secs] [Times: user=0.01 sys=0.00, real=0.00 secs] 
2015-12-16T21:51:12.575+0800: 7.415: Total time for which application threads were stopped: 0.0034472 seconds, Stopping threads took: 0.0000205 seconds
2015-12-16T21:51:12.575+0800: 7.415: [CMS-concurrent-mark-start]
2015-12-16T21:51:12.585+0800: 7.426: [CMS-concurrent-mark: 0.010/0.010 secs] [Times: user=0.00 sys=0.00, real=0.01 secs] 
2015-12-16T21:51:12.585+0800: 7.426: [CMS-concurrent-preclean-start]
2015-12-16T21:51:12.587+0800: 7.427: [CMS-concurrent-preclean: 0.001/0.001 secs] [Times: user=0.00 sys=0.00, real=0.00 secs] 
2015-12-16T21:51:12.587+0800: 7.427: [CMS-concurrent-abortable-preclean-start]
 CMS: abort preclean due to time 2015-12-16T21:51:18.602+0800: 13.443: [CMS-concurrent-abortable-preclean: 1.473/6.016 secs] [Times: user=1.48 sys=0.01, real=6.02 secs] 
2015-12-16T21:51:18.602+0800: 13.443: [GC (CMS Final Remark) [YG occupancy: 40263 K (109248 K)]{Heap before GC invocations=2 (full 1):
 par new generation   total 109248K, used 40263K [0x00000007a0000000, 0x00000007a8000000, 0x00000007a8000000)
  eden space 87424K,  32% used [0x00000007a0000000, 0x00000007a1b89d68, 0x00000007a5560000)
  from space 21824K,  55% used [0x00000007a5560000, 0x00000007a61281d0, 0x00000007a6ab0000)
  to   space 21824K,   0% used [0x00000007a6ab0000, 0x00000007a6ab0000, 0x00000007a8000000)
 concurrent mark-sweep generation total 393216K, used 0K [0x00000007a8000000, 0x00000007c0000000, 0x00000007c0000000)
 Metaspace       used 21918K, capacity 22254K, committed 22548K, reserved 1069056K
  class space    used 2615K, capacity 2722K, committed 2760K, reserved 1048576K
2015-12-16T21:51:18.602+0800: 13.443: [GC (CMS Final Remark) 13.443: [ParNew
Desired survivor size 20112992 bytes, new threshold 8 (max 8)
- age   1:    2179776 bytes,    2179776 total
- age   2:    2247456 bytes,    4427232 total
- age   3:    2446224 bytes,    6873456 total
: 40263K->12650K(109248K), 0.0051528 secs] 40263K->12650K(502464K), 0.0052271 secs] [Times: user=0.01 sys=0.00, real=0.00 secs] 
Heap after GC invocations=3 (full 1):
 par new generation   total 109248K, used 12650K [0x00000007a0000000, 0x00000007a8000000, 0x00000007a8000000)
  eden space 87424K,   0% used [0x00000007a0000000, 0x00000007a0000000, 0x00000007a5560000)
  from space 21824K,  57% used [0x00000007a6ab0000, 0x00000007a770ab70, 0x00000007a8000000)
  to   space 21824K,   0% used [0x00000007a5560000, 0x00000007a5560000, 0x00000007a6ab0000)
 concurrent mark-sweep generation total 393216K, used 0K [0x00000007a8000000, 0x00000007c0000000, 0x00000007c0000000)
 Metaspace       used 21918K, capacity 22254K, committed 22548K, reserved 1069056K
  class space    used 2615K, capacity 2722K, committed 2760K, reserved 1048576K
}
13.448: [Rescan (parallel) , 0.0018079 secs]13.450: [weak refs processing, 0.0006046 secs]13.451: [class unloading, 0.0025915 secs]13.453: [scrub symbol table, 0.0034764 secs]13.457: [scrub string table, 0.0002935 secs][1 CMS-remark: 0K(393216K)] 12650K(502464K), 0.0153769 secs] [Times: user=0.03 sys=0.00, real=0.01 secs] 
2015-12-16T21:51:18.618+0800: 13.458: Total time for which application threads were stopped: 0.0155689 seconds, Stopping threads took: 0.0000349 seconds
2015-12-16T21:51:18.618+0800: 13.458: [CMS-concurrent-sweep-start]
2015-12-16T21:51:18.618+0800: 13.458: [CMS-concurrent-sweep: 0.000/0.000 secs] [Times: user=0.00 sys=0.00, real=0.00 secs] 
2015-12-16T21:51:18.618+0800: 13.458: [CMS-concurrent-reset-start]
2015-12-16T21:51:18.619+0800: 13.459: Total time for which application threads were stopped: 0.0000794 seconds, Stopping threads took: 0.0000266 seconds
2015-12-16T21:51:18.620+0800: 13.460: Total time for which application threads were stopped: 0.0000666 seconds, Stopping threads took: 0.0000138 seconds
2015-12-16T21:51:18.621+0800: 13.461: Total time for which application threads were stopped: 0.0000551 seconds, Stopping threads took: 0.0000105 seconds
2015-12-16T21:51:18.621+0800: 13.462: Total time for which application threads were stopped: 0.0000535 seconds, Stopping threads took: 0.0000103 seconds
2015-12-16T21:51:18.622+0800: 13.463: [CMS-concurrent-reset: 0.004/0.004 secs] [Times: user=0.00 sys=0.01, real=0.01 secs] 
2015-12-16T21:51:18.911+0800: 13.751: Total time for which application threads were stopped: 0.0001419 seconds, Stopping threads took: 0.0000320 seconds
2015-12-16T21:51:18.911+0800: 13.752: Total time for which application threads were stopped: 0.0000989 seconds, Stopping threads took: 0.0000201 seconds
2015-12-16T21:51:18.912+0800: 13.752: Total time for which application threads were stopped: 0.0000587 seconds, Stopping threads took: 0.0000129 seconds
2015-12-16T21:51:18.914+0800: 13.755: Total time for which application threads were stopped: 0.0000774 seconds, Stopping threads took: 0.0000189 seconds
2015-12-16T21:51:18.914+0800: 13.755: Total time for which application threads were stopped: 0.0000485 seconds, Stopping threads took: 0.0000106 seconds
2015-12-16T21:51:20.923+0800: 15.763: Total time for which application threads were stopped: 0.0000960 seconds, Stopping threads took: 0.0000246 seconds
2015-12-16T21:51:22.591+0800: 17.431: Total time for which application threads were stopped: 0.0001481 seconds, Stopping threads took: 0.0000220 seconds
2015-12-16T21:51:26.601+0800: 21.441: Total time for which application threads were stopped: 0.0002733 seconds, Stopping threads took: 0.0001446 seconds
2015-12-16T21:51:28.676+0800: 23.517: Total time for which application threads were stopped: 0.0002620 seconds, Stopping threads took: 0.0000294 seconds
2015-12-16T21:51:28.677+0800: 23.518: Total time for which application threads were stopped: 0.0000825 seconds, Stopping threads took: 0.0000187 seconds
2015-12-16T21:51:28.677+0800: 23.518: Total time for which application threads were stopped: 0.0000740 seconds, Stopping threads took: 0.0000141 seconds
2015-12-16T21:51:28.679+0800: 23.520: Total time for which application threads were stopped: 0.0001148 seconds, Stopping threads took: 0.0000437 seconds
2015-12-16T21:51:28.680+0800: 23.520: Total time for which application threads were stopped: 0.0000621 seconds, Stopping threads took: 0.0000114 seconds
2015-12-16T21:51:32.695+0800: 27.536: Total time for which application threads were stopped: 0.0001155 seconds, Stopping threads took: 0.0000260 seconds
2015-12-16T21:51:36.709+0800: 31.549: Total time for which application threads were stopped: 0.0000802 seconds, Stopping threads took: 0.0000214 seconds
2015-12-16T21:51:38.717+0800: 33.558: Total time for which application threads were stopped: 0.0001945 seconds, Stopping threads took: 0.0000478 seconds
2015-12-16T21:51:40.255+0800: 35.096: Total time for which application threads were stopped: 0.0000902 seconds, Stopping threads took: 0.0000207 seconds
2015-12-16T21:51:40.255+0800: 35.096: Total time for which application threads were stopped: 0.0000569 seconds, Stopping threads took: 0.0000133 seconds
2015-12-16T21:51:40.256+0800: 35.097: Total time for which application threads were stopped: 0.0001044 seconds, Stopping threads took: 0.0000313 seconds
2015-12-16T21:51:40.262+0800: 35.103: Total time for which application threads were stopped: 0.0001363 seconds, Stopping threads took: 0.0000426 seconds
2015-12-16T21:51:40.262+0800: 35.103: Total time for which application threads were stopped: 0.0000964 seconds, Stopping threads took: 0.0000359 seconds
2015-12-16T21:51:40.262+0800: 35.103: Total time for which application threads were stopped: 0.0000726 seconds, Stopping threads took: 0.0000253 seconds
2015-12-16T21:51:40.262+0800: 35.103: Total time for which application threads were stopped: 0.0000702 seconds, Stopping threads took: 0.0000105 seconds
2015-12-16T21:51:40.262+0800: 35.103: Total time for which application threads were stopped: 0.0000663 seconds, Stopping threads took: 0.0000095 seconds
2015-12-16T21:51:40.268+0800: 35.109: Total time for which application threads were stopped: 0.0001121 seconds, Stopping threads took: 0.0000346 seconds
2015-12-16T21:51:40.268+0800: 35.109: Total time for which application threads were stopped: 0.0001223 seconds, Stopping threads took: 0.0000571 seconds
2015-12-16T21:51:40.268+0800: 35.109: Total time for which application threads were stopped: 0.0000571 seconds, Stopping threads took: 0.0000108 seconds
2015-12-16T21:51:40.269+0800: 35.110: Total time for which application threads were stopped: 0.0000732 seconds, Stopping threads took: 0.0000280 seconds
2015-12-16T21:51:40.269+0800: 35.110: Total time for which application threads were stopped: 0.0000514 seconds, Stopping threads took: 0.0000142 seconds
2015-12-16T21:51:40.274+0800: 35.115: Total time for which application threads were stopped: 0.0000689 seconds, Stopping threads took: 0.0000154 seconds
2015-12-16T21:51:40.274+0800: 35.115: Total time for which application threads were stopped: 0.0000445 seconds, Stopping threads took: 0.0000095 seconds
2015-12-16T21:51:40.279+0800: 35.120: Total time for which application threads were stopped: 0.0002020 seconds, Stopping threads took: 0.0000197 seconds
2015-12-16T21:51:40.280+0800: 35.121: Total time for which application threads were stopped: 0.0001289 seconds, Stopping threads took: 0.0000667 seconds
2015-12-16T21:51:40.282+0800: 35.123: Total time for which application threads were stopped: 0.0000953 seconds, Stopping threads took: 0.0000181 seconds
2015-12-16T21:51:40.689+0800: 35.530: Total time for which application threads were stopped: 0.0000961 seconds, Stopping threads took: 0.0000201 seconds
2015-12-16T21:51:40.689+0800: 35.530: Total time for which application threads were stopped: 0.0000520 seconds, Stopping threads took: 0.0000114 seconds
2015-12-16T21:51:40.690+0800: 35.531: Total time for which application threads were stopped: 0.0000816 seconds, Stopping threads took: 0.0000397 seconds
2015-12-16T21:51:40.692+0800: 35.533: Total time for which application threads were stopped: 0.0001062 seconds, Stopping threads took: 0.0000282 seconds
2015-12-16T21:51:40.692+0800: 35.533: Total time for which application threads were stopped: 0.0000718 seconds, Stopping threads took: 0.0000139 seconds
2015-12-16T21:51:40.694+0800: 35.535: Total time for which application threads were stopped: 0.0001056 seconds, Stopping threads took: 0.0000366 seconds
2015-12-16T21:51:40.694+0800: 35.535: Total time for which application threads were stopped: 0.0001682 seconds, Stopping threads took: 0.0000112 seconds
2015-12-16T21:51:40.695+0800: 35.536: Total time for which application threads were stopped: 0.0000686 seconds, Stopping threads took: 0.0000128 seconds
2015-12-16T21:51:40.702+0800: 35.543: Total time for which application threads were stopped: 0.0001039 seconds, Stopping threads took: 0.0000176 seconds
2015-12-16T21:51:40.816+0800: 35.657: Total time for which application threads were stopped: 0.0003200 seconds, Stopping threads took: 0.0000193 seconds
2015-12-16T21:51:40.819+0800: 35.660: Total time for which application threads were stopped: 0.0001315 seconds, Stopping threads took: 0.0000497 seconds
2015-12-16T21:51:40.820+0800: 35.661: Total time for which application threads were stopped: 0.0001165 seconds, Stopping threads took: 0.0000310 seconds
2015-12-16T21:51:40.821+0800: 35.662: Total time for which application threads were stopped: 0.0001501 seconds, Stopping threads took: 0.0000427 seconds
2015-12-16T21:51:40.822+0800: 35.663: Total time for which application threads were stopped: 0.0001242 seconds, Stopping threads took: 0.0000604 seconds
2015-12-16T21:51:40.833+0800: 35.674: Total time for which application threads were stopped: 0.0002733 seconds, Stopping threads took: 0.0000191 seconds
2015-12-16T21:51:40.878+0800: 35.718: Total time for which application threads were stopped: 0.0001758 seconds, Stopping threads took: 0.0000468 seconds
2015-12-16T21:51:40.893+0800: 35.734: Total time for which application threads were stopped: 0.0004234 seconds, Stopping threads took: 0.0000707 seconds
2015-12-16T21:51:40.901+0800: 35.742: Total time for which application threads were stopped: 0.0002105 seconds, Stopping threads took: 0.0000903 seconds
2015-12-16T21:51:40.901+0800: 35.742: Total time for which application threads were stopped: 0.0001230 seconds, Stopping threads took: 0.0000319 seconds
2015-12-16T21:51:40.907+0800: 35.748: Total time for which application threads were stopped: 0.0001519 seconds, Stopping threads took: 0.0000443 seconds
2015-12-16T21:51:40.912+0800: 35.753: Total time for which application threads were stopped: 0.0001414 seconds, Stopping threads took: 0.0000201 seconds
2015-12-16T21:51:40.914+0800: 35.755: Total time for which application threads were stopped: 0.0001533 seconds, Stopping threads took: 0.0000446 seconds
2015-12-16T21:51:40.919+0800: 35.760: Total time for which application threads were stopped: 0.0001780 seconds, Stopping threads took: 0.0000482 seconds
2015-12-16T21:51:41.919+0800: 36.760: Total time for which application threads were stopped: 0.0004557 seconds, Stopping threads took: 0.0000268 seconds
2015-12-16T21:51:41.967+0800: 36.808: Total time for which application threads were stopped: 0.0006171 seconds, Stopping threads took: 0.0000238 seconds
2015-12-16T21:51:42.121+0800: 36.961: Total time for which application threads were stopped: 0.0002963 seconds, Stopping threads took: 0.0000456 seconds
2015-12-16T21:51:42.140+0800: 36.981: Total time for which application threads were stopped: 0.0003333 seconds, Stopping threads took: 0.0000554 seconds
2015-12-16T21:51:42.148+0800: 36.989: Total time for which application threads were stopped: 0.0002811 seconds, Stopping threads took: 0.0000286 seconds
2015-12-16T21:51:42.149+0800: 36.990: Total time for which application threads were stopped: 0.0002466 seconds, Stopping threads took: 0.0000354 seconds
2015-12-16T21:51:42.225+0800: 37.066: Total time for which application threads were stopped: 0.0003614 seconds, Stopping threads took: 0.0000473 seconds
{Heap before GC invocations=3 (full 1):
 par new generation   total 109248K, used 100074K [0x00000007a0000000, 0x00000007a8000000, 0x00000007a8000000)
  eden space 87424K, 100% used [0x00000007a0000000, 0x00000007a5560000, 0x00000007a5560000)
  from space 21824K,  57% used [0x00000007a6ab0000, 0x00000007a770ab70, 0x00000007a8000000)
  to   space 21824K,   0% used [0x00000007a5560000, 0x00000007a5560000, 0x00000007a6ab0000)
 concurrent mark-sweep generation total 393216K, used 0K [0x00000007a8000000, 0x00000007c0000000, 0x00000007c0000000)
 Metaspace       used 23745K, capacity 24110K, committed 24520K, reserved 1071104K
  class space    used 2797K, capacity 2914K, committed 3016K, reserved 1048576K
2015-12-16T21:51:42.239+0800: 37.080: [GC (Allocation Failure) 37.080: [ParNew
Desired survivor size 20112992 bytes, new threshold 8 (max 8)
- age   1:    3921744 bytes,    3921744 total
- age   2:     571376 bytes,    4493120 total
- age   3:    2231784 bytes,    6724904 total
- age   4:    2442232 bytes,    9167136 total
: 100074K->10100K(109248K), 0.0110328 secs] 100074K->10100K(502464K), 0.0111339 secs] [Times: user=0.04 sys=0.00, real=0.02 secs] 
Heap after GC invocations=4 (full 1):
 par new generation   total 109248K, used 10100K [0x00000007a0000000, 0x00000007a8000000, 0x00000007a8000000)
  eden space 87424K,   0% used [0x00000007a0000000, 0x00000007a0000000, 0x00000007a5560000)
  from space 21824K,  46% used [0x00000007a5560000, 0x00000007a5f3d340, 0x00000007a6ab0000)
  to   space 21824K,   0% used [0x00000007a6ab0000, 0x00000007a6ab0000, 0x00000007a8000000)
 concurrent mark-sweep generation total 393216K, used 0K [0x00000007a8000000, 0x00000007c0000000, 0x00000007c0000000)
 Metaspace       used 23745K, capacity 24110K, committed 24520K, reserved 1071104K
  class space    used 2797K, capacity 2914K, committed 3016K, reserved 1048576K
}
2015-12-16T21:51:42.250+0800: 37.091: Total time for which application threads were stopped: 0.0120301 seconds, Stopping threads took: 0.0005475 seconds
2015-12-16T21:51:42.252+0800: 37.092: Total time for which application threads were stopped: 0.0003807 seconds, Stopping threads took: 0.0000993 seconds
2015-12-16T21:51:42.252+0800: 37.093: Total time for which application threads were stopped: 0.0003031 seconds, Stopping threads took: 0.0001207 seconds
2015-12-16T21:51:42.292+0800: 37.133: Total time for which application threads were stopped: 0.0002541 seconds, Stopping threads took: 0.0000455 seconds
2015-12-16T21:51:42.325+0800: 37.166: Total time for which application threads were stopped: 0.0003003 seconds, Stopping threads took: 0.0000414 seconds
2015-12-16T21:51:42.326+0800: 37.166: Total time for which application threads were stopped: 0.0001846 seconds, Stopping threads took: 0.0000282 seconds
2015-12-16T21:51:42.395+0800: 37.236: Total time for which application threads were stopped: 0.0006075 seconds, Stopping threads took: 0.0000229 seconds
2015-12-16T21:51:42.455+0800: 37.296: Total time for which application threads were stopped: 0.0007612 seconds, Stopping threads took: 0.0000433 seconds
2015-12-16T21:51:42.542+0800: 37.383: Total time for which application threads were stopped: 0.0003037 seconds, Stopping threads took: 0.0000435 seconds
2015-12-16T21:51:42.614+0800: 37.455: Total time for which application threads were stopped: 0.0004425 seconds, Stopping threads took: 0.0000403 seconds
2015-12-16T21:51:42.620+0800: 37.461: Total time for which application threads were stopped: 0.0006908 seconds, Stopping threads took: 0.0000376 seconds
2015-12-16T21:51:42.632+0800: 37.473: Total time for which application threads were stopped: 0.0002794 seconds, Stopping threads took: 0.0000488 seconds
2015-12-16T21:51:42.635+0800: 37.476: Total time for which application threads were stopped: 0.0002876 seconds, Stopping threads took: 0.0000424 seconds
2015-12-16T21:51:42.635+0800: 37.476: Total time for which application threads were stopped: 0.0002415 seconds, Stopping threads took: 0.0000683 seconds
2015-12-16T21:51:42.635+0800: 37.476: Total time for which application threads were stopped: 0.0002175 seconds, Stopping threads took: 0.0000533 seconds
2015-12-16T21:51:42.636+0800: 37.477: Total time for which application threads were stopped: 0.0001593 seconds, Stopping threads took: 0.0000267 seconds
2015-12-16T21:51:42.636+0800: 37.477: Total time for which application threads were stopped: 0.0001803 seconds, Stopping threads took: 0.0000289 seconds
2015-12-16T21:51:42.641+0800: 37.482: Total time for which application threads were stopped: 0.0003132 seconds, Stopping threads took: 0.0000506 seconds
2015-12-16T21:51:42.654+0800: 37.495: Total time for which application threads were stopped: 0.0002957 seconds, Stopping threads took: 0.0000491 seconds
2015-12-16T21:51:42.658+0800: 37.499: Total time for which application threads were stopped: 0.0004195 seconds, Stopping threads took: 0.0001804 seconds
{Heap before GC invocations=4 (full 1):
 par new generation   total 109248K, used 97524K [0x00000007a0000000, 0x00000007a8000000, 0x00000007a8000000)
  eden space 87424K, 100% used [0x00000007a0000000, 0x00000007a5560000, 0x00000007a5560000)
  from space 21824K,  46% used [0x00000007a5560000, 0x00000007a5f3d340, 0x00000007a6ab0000)
  to   space 21824K,   0% used [0x00000007a6ab0000, 0x00000007a6ab0000, 0x00000007a8000000)
 concurrent mark-sweep generation total 393216K, used 0K [0x00000007a8000000, 0x00000007c0000000, 0x00000007c0000000)
 Metaspace       used 24655K, capacity 24974K, committed 25288K, reserved 1071104K
  class space    used 2895K, capacity 3010K, committed 3016K, reserved 1048576K
2015-12-16T21:51:42.663+0800: 37.504: [GC (Allocation Failure) 37.504: [ParNew
Desired survivor size 20112992 bytes, new threshold 8 (max 8)
- age   1:    2573224 bytes,    2573224 total
- age   2:    2194008 bytes,    4767232 total
- age   3:     571312 bytes,    5338544 total
- age   4:    2229768 bytes,    7568312 total
- age   5:    2442208 bytes,   10010520 total
: 97524K->13222K(109248K), 0.0154329 secs] 97524K->13222K(502464K), 0.0154930 secs] [Times: user=0.07 sys=0.00, real=0.01 secs] 
Heap after GC invocations=5 (full 1):
 par new generation   total 109248K, used 13222K [0x00000007a0000000, 0x00000007a8000000, 0x00000007a8000000)
  eden space 87424K,   0% used [0x00000007a0000000, 0x00000007a0000000, 0x00000007a5560000)
  from space 21824K,  60% used [0x00000007a6ab0000, 0x00000007a7799bc8, 0x00000007a8000000)
  to   space 21824K,   0% used [0x00000007a5560000, 0x00000007a5560000, 0x00000007a6ab0000)
 concurrent mark-sweep generation total 393216K, used 0K [0x00000007a8000000, 0x00000007c0000000, 0x00000007c0000000)
 Metaspace       used 24655K, capacity 24974K, committed 25288K, reserved 1071104K
  class space    used 2895K, capacity 3010K, committed 3016K, reserved 1048576K
}
2015-12-16T21:51:42.679+0800: 37.520: Total time for which application threads were stopped: 0.0158755 seconds, Stopping threads took: 0.0000467 seconds
2015-12-16T21:51:42.683+0800: 37.524: Total time for which application threads were stopped: 0.0003355 seconds, Stopping threads took: 0.0000815 seconds
2015-12-16T21:51:42.687+0800: 37.528: Total time for which application threads were stopped: 0.0002584 seconds, Stopping threads took: 0.0000249 seconds
2015-12-16T21:51:42.687+0800: 37.528: Total time for which application threads were stopped: 0.0001882 seconds, Stopping threads took: 0.0000141 seconds
2015-12-16T21:51:42.688+0800: 37.529: Total time for which application threads were stopped: 0.0002696 seconds, Stopping threads took: 0.0000405 seconds
2015-12-16T21:51:42.711+0800: 37.552: Total time for which application threads were stopped: 0.0003041 seconds, Stopping threads took: 0.0000394 seconds
2015-12-16T21:51:42.719+0800: 37.560: Total time for which application threads were stopped: 0.0003156 seconds, Stopping threads took: 0.0000258 seconds
2015-12-16T21:51:42.721+0800: 37.562: Total time for which application threads were stopped: 0.0002992 seconds, Stopping threads took: 0.0000450 seconds
2015-12-16T21:51:42.747+0800: 37.588: Total time for which application threads were stopped: 0.0005554 seconds, Stopping threads took: 0.0000455 seconds
2015-12-16T21:51:42.756+0800: 37.597: Total time for which application threads were stopped: 0.0003064 seconds, Stopping threads took: 0.0000348 seconds
2015-12-16T21:51:42.759+0800: 37.600: Total time for which application threads were stopped: 0.0002774 seconds, Stopping threads took: 0.0000244 seconds
2015-12-16T21:51:42.761+0800: 37.602: Total time for which application threads were stopped: 0.0003126 seconds, Stopping threads took: 0.0000465 seconds
2015-12-16T21:51:42.766+0800: 37.607: Total time for which application threads were stopped: 0.0002579 seconds, Stopping threads took: 0.0000262 seconds
2015-12-16T21:51:42.767+0800: 37.608: Total time for which application threads were stopped: 0.0002213 seconds, Stopping threads took: 0.0000413 seconds
2015-12-16T21:51:42.767+0800: 37.608: Total time for which application threads were stopped: 0.0002334 seconds, Stopping threads took: 0.0000620 seconds
2015-12-16T21:51:42.769+0800: 37.610: Total time for which application threads were stopped: 0.0003339 seconds, Stopping threads took: 0.0000502 seconds
2015-12-16T21:51:42.789+0800: 37.630: Total time for which application threads were stopped: 0.0007216 seconds, Stopping threads took: 0.0005327 seconds
2015-12-16T21:51:42.790+0800: 37.631: Total time for which application threads were stopped: 0.0003562 seconds, Stopping threads took: 0.0001785 seconds
2015-12-16T21:51:42.791+0800: 37.632: Total time for which application threads were stopped: 0.0002339 seconds, Stopping threads took: 0.0000183 seconds
{Heap before GC invocations=5 (full 1):
 par new generation   total 109248K, used 100646K [0x00000007a0000000, 0x00000007a8000000, 0x00000007a8000000)
  eden space 87424K, 100% used [0x00000007a0000000, 0x00000007a5560000, 0x00000007a5560000)
  from space 21824K,  60% used [0x00000007a6ab0000, 0x00000007a7799bc8, 0x00000007a8000000)
  to   space 21824K,   0% used [0x00000007a5560000, 0x00000007a5560000, 0x00000007a6ab0000)
 concurrent mark-sweep generation total 393216K, used 0K [0x00000007a8000000, 0x00000007c0000000, 0x00000007c0000000)
 Metaspace       used 24970K, capacity 25356K, committed 25672K, reserved 1071104K
  class space    used 2935K, capacity 3047K, committed 3144K, reserved 1048576K
2015-12-16T21:51:42.860+0800: 37.701: [GC (Allocation Failure) 37.701: [ParNew
Desired survivor size 20112992 bytes, new threshold 8 (max 8)
- age   1:     753768 bytes,     753768 total
- age   2:    1871112 bytes,    2624880 total
- age   3:    2178560 bytes,    4803440 total
- age   4:     571312 bytes,    5374752 total
- age   5:    2228792 bytes,    7603544 total
- age   6:    2442208 bytes,   10045752 total
: 100646K->12498K(109248K), 0.0096704 secs] 100646K->12498K(502464K), 0.0097244 secs] [Times: user=0.04 sys=0.00, real=0.01 secs] 
Heap after GC invocations=6 (full 1):
 par new generation   total 109248K, used 12498K [0x00000007a0000000, 0x00000007a8000000, 0x00000007a8000000)
  eden space 87424K,   0% used [0x00000007a0000000, 0x00000007a0000000, 0x00000007a5560000)
  from space 21824K,  57% used [0x00000007a5560000, 0x00000007a6194a28, 0x00000007a6ab0000)
  to   space 21824K,   0% used [0x00000007a6ab0000, 0x00000007a6ab0000, 0x00000007a8000000)
 concurrent mark-sweep generation total 393216K, used 0K [0x00000007a8000000, 0x00000007c0000000, 0x00000007c0000000)
 Metaspace       used 24970K, capacity 25356K, committed 25672K, reserved 1071104K
  class space    used 2935K, capacity 3047K, committed 3144K, reserved 1048576K
}
2015-12-16T21:51:42.870+0800: 37.711: Total time for which application threads were stopped: 0.0101553 seconds, Stopping threads took: 0.0000269 seconds
2015-12-16T21:51:42.906+0800: 37.747: Total time for which application threads were stopped: 0.0004054 seconds, Stopping threads took: 0.0001200 seconds
2015-12-16T21:51:42.909+0800: 37.750: Total time for which application threads were stopped: 0.0003337 seconds, Stopping threads took: 0.0000848 seconds
2015-12-16T21:51:42.909+0800: 37.750: Total time for which application threads were stopped: 0.0001976 seconds, Stopping threads took: 0.0000420 seconds
2015-12-16T21:51:42.924+0800: 37.765: Total time for which application threads were stopped: 0.0002542 seconds, Stopping threads took: 0.0000486 seconds
2015-12-16T21:51:42.927+0800: 37.768: Total time for which application threads were stopped: 0.0002694 seconds, Stopping threads took: 0.0000248 seconds
2015-12-16T21:51:42.932+0800: 37.773: Total time for which application threads were stopped: 0.0003338 seconds, Stopping threads took: 0.0000551 seconds
2015-12-16T21:51:42.935+0800: 37.776: Total time for which application threads were stopped: 0.0003355 seconds, Stopping threads took: 0.0000824 seconds
2015-12-16T21:51:42.939+0800: 37.780: Total time for which application threads were stopped: 0.0002916 seconds, Stopping threads took: 0.0000465 seconds
2015-12-16T21:51:42.949+0800: 37.790: Total time for which application threads were stopped: 0.0002702 seconds, Stopping threads took: 0.0000876 seconds
2015-12-16T21:51:42.954+0800: 37.795: Total time for which application threads were stopped: 0.0003617 seconds, Stopping threads took: 0.0000782 seconds
2015-12-16T21:51:42.958+0800: 37.799: Total time for which application threads were stopped: 0.0003375 seconds, Stopping threads took: 0.0001147 seconds
2015-12-16T21:51:42.960+0800: 37.801: Total time for which application threads were stopped: 0.0003081 seconds, Stopping threads took: 0.0000757 seconds
2015-12-16T21:51:42.960+0800: 37.801: Total time for which application threads were stopped: 0.0001951 seconds, Stopping threads took: 0.0000568 seconds
2015-12-16T21:51:42.961+0800: 37.802: Total time for which application threads were stopped: 0.0001321 seconds, Stopping threads took: 0.0000104 seconds
2015-12-16T21:51:42.961+0800: 37.802: Total time for which application threads were stopped: 0.0001589 seconds, Stopping threads took: 0.0000430 seconds
2015-12-16T21:51:42.961+0800: 37.802: Total time for which application threads were stopped: 0.0002931 seconds, Stopping threads took: 0.0000233 seconds
{Heap before GC invocations=6 (full 1):
 par new generation   total 109248K, used 99922K [0x00000007a0000000, 0x00000007a8000000, 0x00000007a8000000)
  eden space 87424K, 100% used [0x00000007a0000000, 0x00000007a5560000, 0x00000007a5560000)
  from space 21824K,  57% used [0x00000007a5560000, 0x00000007a6194a28, 0x00000007a6ab0000)
  to   space 21824K,   0% used [0x00000007a6ab0000, 0x00000007a6ab0000, 0x00000007a8000000)
 concurrent mark-sweep generation total 393216K, used 0K [0x00000007a8000000, 0x00000007c0000000, 0x00000007c0000000)
 Metaspace       used 25256K, capacity 25624K, committed 25928K, reserved 1073152K
  class space    used 2972K, capacity 3113K, committed 3144K, reserved 1048576K
2015-12-16T21:51:42.983+0800: 37.824: [GC (Allocation Failure) 37.824: [ParNew
Desired survivor size 20112992 bytes, new threshold 8 (max 8)
- age   1:     722600 bytes,     722600 total
- age   2:     154936 bytes,     877536 total
- age   3:    1868776 bytes,    2746312 total
- age   4:    2171920 bytes,    4918232 total
- age   5:     571312 bytes,    5489544 total
- age   6:    2228408 bytes,    7717952 total
- age   7:    2441096 bytes,   10159048 total
: 99922K->15306K(109248K), 0.0116848 secs] 99922K->15306K(502464K), 0.0117593 secs] [Times: user=0.05 sys=0.00, real=0.01 secs] 
Heap after GC invocations=7 (full 1):
 par new generation   total 109248K, used 15306K [0x00000007a0000000, 0x00000007a8000000, 0x00000007a8000000)
  eden space 87424K,   0% used [0x00000007a0000000, 0x00000007a0000000, 0x00000007a5560000)
  from space 21824K,  70% used [0x00000007a6ab0000, 0x00000007a79a2868, 0x00000007a8000000)
  to   space 21824K,   0% used [0x00000007a5560000, 0x00000007a5560000, 0x00000007a6ab0000)
 concurrent mark-sweep generation total 393216K, used 0K [0x00000007a8000000, 0x00000007c0000000, 0x00000007c0000000)
 Metaspace       used 25256K, capacity 25624K, committed 25928K, reserved 1073152K
  class space    used 2972K, capacity 3113K, committed 3144K, reserved 1048576K
}
2015-12-16T21:51:42.994+0800: 37.835: Total time for which application threads were stopped: 0.0121244 seconds, Stopping threads took: 0.0000960 seconds
{Heap before GC invocations=7 (full 1):
 par new generation   total 109248K, used 102730K [0x00000007a0000000, 0x00000007a8000000, 0x00000007a8000000)
  eden space 87424K, 100% used [0x00000007a0000000, 0x00000007a5560000, 0x00000007a5560000)
  from space 21824K,  70% used [0x00000007a6ab0000, 0x00000007a79a2868, 0x00000007a8000000)
  to   space 21824K,   0% used [0x00000007a5560000, 0x00000007a5560000, 0x00000007a6ab0000)
 concurrent mark-sweep generation total 393216K, used 0K [0x00000007a8000000, 0x00000007c0000000, 0x00000007c0000000)
 Metaspace       used 25448K, capacity 25830K, committed 26184K, reserved 1073152K
  class space    used 2998K, capacity 3116K, committed 3144K, reserved 1048576K
2015-12-16T21:51:43.126+0800: 37.967: [GC (Allocation Failure) 37.967: [ParNew
Desired survivor size 20112992 bytes, new threshold 8 (max 8)
- age   1:     549576 bytes,     549576 total
- age   2:     115496 bytes,     665072 total
- age   3:     154064 bytes,     819136 total
- age   4:    1866472 bytes,    2685608 total
- age   5:    2162896 bytes,    4848504 total
- age   6:     570864 bytes,    5419368 total
- age   7:    2228120 bytes,    7647488 total
- age   8:    2441096 bytes,   10088584 total
: 102730K->11667K(109248K), 0.0120750 secs] 102730K->11667K(502464K), 0.0121606 secs] [Times: user=0.05 sys=0.00, real=0.01 secs] 
Heap after GC invocations=8 (full 1):
 par new generation   total 109248K, used 11667K [0x00000007a0000000, 0x00000007a8000000, 0x00000007a8000000)
  eden space 87424K,   0% used [0x00000007a0000000, 0x00000007a0000000, 0x00000007a5560000)
  from space 21824K,  53% used [0x00000007a5560000, 0x00000007a60c4c20, 0x00000007a6ab0000)
  to   space 21824K,   0% used [0x00000007a6ab0000, 0x00000007a6ab0000, 0x00000007a8000000)
 concurrent mark-sweep generation total 393216K, used 0K [0x00000007a8000000, 0x00000007c0000000, 0x00000007c0000000)
 Metaspace       used 25448K, capacity 25830K, committed 26184K, reserved 1073152K
  class space    used 2998K, capacity 3116K, committed 3144K, reserved 1048576K
}
2015-12-16T21:51:43.138+0800: 37.979: Total time for which application threads were stopped: 0.0125908 seconds, Stopping threads took: 0.0000839 seconds
2015-12-16T21:51:43.199+0800: 38.040: Total time for which application threads were stopped: 0.0003396 seconds, Stopping threads took: 0.0000744 seconds
2015-12-16T21:51:43.221+0800: 38.062: Total time for which application threads were stopped: 0.0003575 seconds, Stopping threads took: 0.0001564 seconds
2015-12-16T21:51:43.232+0800: 38.073: Total time for which application threads were stopped: 0.0004860 seconds, Stopping threads took: 0.0000191 seconds
2015-12-16T21:51:43.240+0800: 38.081: Total time for which application threads were stopped: 0.0002333 seconds, Stopping threads took: 0.0000524 seconds
2015-12-16T21:51:43.341+0800: 38.182: Total time for which application threads were stopped: 0.0002679 seconds, Stopping threads took: 0.0000442 seconds
2015-12-16T21:51:43.369+0800: 38.210: Total time for which application threads were stopped: 0.0006938 seconds, Stopping threads took: 0.0000576 seconds
2015-12-16T21:51:43.387+0800: 38.228: Total time for which application threads were stopped: 0.0002743 seconds, Stopping threads took: 0.0000246 seconds
2015-12-16T21:51:43.544+0800: 38.385: Total time for which application threads were stopped: 0.0004037 seconds, Stopping threads took: 0.0000489 seconds
2015-12-16T21:51:43.565+0800: 38.406: Total time for which application threads were stopped: 0.0007115 seconds, Stopping threads took: 0.0000228 seconds
2015-12-16T21:51:43.569+0800: 38.409: Total time for which application threads were stopped: 0.0002683 seconds, Stopping threads took: 0.0000442 seconds
2015-12-16T21:51:43.569+0800: 38.410: Total time for which application threads were stopped: 0.0001441 seconds, Stopping threads took: 0.0000314 seconds
2015-12-16T21:51:43.570+0800: 38.411: Total time for which application threads were stopped: 0.0002357 seconds, Stopping threads took: 0.0000426 seconds
2015-12-16T21:51:43.587+0800: 38.428: Total time for which application threads were stopped: 0.0007762 seconds, Stopping threads took: 0.0000271 seconds
2015-12-16T21:51:43.594+0800: 38.435: Total time for which application threads were stopped: 0.0002499 seconds, Stopping threads took: 0.0000257 seconds
2015-12-16T21:51:43.618+0800: 38.459: Total time for which application threads were stopped: 0.0005265 seconds, Stopping threads took: 0.0003038 seconds
2015-12-16T21:51:43.625+0800: 38.466: Total time for which application threads were stopped: 0.0002769 seconds, Stopping threads took: 0.0000386 seconds
2015-12-16T21:51:43.669+0800: 38.510: Total time for which application threads were stopped: 0.0003299 seconds, Stopping threads took: 0.0000535 seconds
2015-12-16T21:51:43.669+0800: 38.510: Total time for which application threads were stopped: 0.0002712 seconds, Stopping threads took: 0.0000364 seconds
2015-12-16T21:51:43.678+0800: 38.519: Total time for which application threads were stopped: 0.0002419 seconds, Stopping threads took: 0.0000233 seconds
2015-12-16T21:51:43.679+0800: 38.519: Total time for which application threads were stopped: 0.0002449 seconds, Stopping threads took: 0.0000439 seconds
{Heap before GC invocations=8 (full 1):
 par new generation   total 109248K, used 99091K [0x00000007a0000000, 0x00000007a8000000, 0x00000007a8000000)
  eden space 87424K, 100% used [0x00000007a0000000, 0x00000007a5560000, 0x00000007a5560000)
  from space 21824K,  53% used [0x00000007a5560000, 0x00000007a60c4c20, 0x00000007a6ab0000)
  to   space 21824K,   0% used [0x00000007a6ab0000, 0x00000007a6ab0000, 0x00000007a8000000)
 concurrent mark-sweep generation total 393216K, used 0K [0x00000007a8000000, 0x00000007c0000000, 0x00000007c0000000)
 Metaspace       used 28330K, capacity 28784K, committed 29128K, reserved 1075200K
  class space    used 3362K, capacity 3503K, committed 3528K, reserved 1048576K
2015-12-16T21:51:43.726+0800: 38.567: [GC (Allocation Failure) 38.567: [ParNew
Desired survivor size 20112992 bytes, new threshold 8 (max 8)
- age   1:    3779784 bytes,    3779784 total
- age   2:     116752 bytes,    3896536 total
- age   3:     112304 bytes,    4008840 total
- age   4:     149240 bytes,    4158080 total
- age   5:     285024 bytes,    4443104 total
- age   6:    2136640 bytes,    6579744 total
- age   7:     570080 bytes,    7149824 total
- age   8:    2225984 bytes,    9375808 total
: 99091K->14972K(109248K), 0.0234266 secs] 99091K->17579K(502464K), 0.0234857 secs] [Times: user=0.08 sys=0.01, real=0.02 secs] 
Heap after GC invocations=9 (full 1):
 par new generation   total 109248K, used 14972K [0x00000007a0000000, 0x00000007a8000000, 0x00000007a8000000)
  eden space 87424K,   0% used [0x00000007a0000000, 0x00000007a0000000, 0x00000007a5560000)
  from space 21824K,  68% used [0x00000007a6ab0000, 0x00000007a794f278, 0x00000007a8000000)
  to   space 21824K,   0% used [0x00000007a5560000, 0x00000007a5560000, 0x00000007a6ab0000)
 concurrent mark-sweep generation total 393216K, used 2606K [0x00000007a8000000, 0x00000007c0000000, 0x00000007c0000000)
 Metaspace       used 28330K, capacity 28784K, committed 29128K, reserved 1075200K
  class space    used 3362K, capacity 3503K, committed 3528K, reserved 1048576K
}
2015-12-16T21:51:43.750+0800: 38.591: Total time for which application threads were stopped: 0.0239130 seconds, Stopping threads took: 0.0000233 seconds
2015-12-16T21:51:43.784+0800: 38.625: Total time for which application threads were stopped: 0.0002002 seconds, Stopping threads took: 0.0000181 seconds
2015-12-16T21:51:43.845+0800: 38.686: Total time for which application threads were stopped: 0.0002668 seconds, Stopping threads took: 0.0000401 seconds
2015-12-16T21:51:43.847+0800: 38.688: Total time for which application threads were stopped: 0.0002087 seconds, Stopping threads took: 0.0000437 seconds
2015-12-16T21:51:43.848+0800: 38.689: Total time for which application threads were stopped: 0.0002488 seconds, Stopping threads took: 0.0000382 seconds
2015-12-16T21:51:43.865+0800: 38.706: Total time for which application threads were stopped: 0.0002477 seconds, Stopping threads took: 0.0000447 seconds
2015-12-16T21:51:43.866+0800: 38.707: Total time for which application threads were stopped: 0.0001835 seconds, Stopping threads took: 0.0000201 seconds
2015-12-16T21:51:43.903+0800: 38.744: Total time for which application threads were stopped: 0.0003138 seconds, Stopping threads took: 0.0000413 seconds
2015-12-16T21:51:43.908+0800: 38.749: Total time for which application threads were stopped: 0.0002947 seconds, Stopping threads took: 0.0000448 seconds
2015-12-16T21:51:43.908+0800: 38.749: Total time for which application threads were stopped: 0.0002021 seconds, Stopping threads took: 0.0000191 seconds
2015-12-16T21:51:43.921+0800: 38.762: Total time for which application threads were stopped: 0.0003132 seconds, Stopping threads took: 0.0000424 seconds
2015-12-16T21:51:43.922+0800: 38.763: Total time for which application threads were stopped: 0.0002924 seconds, Stopping threads took: 0.0000371 seconds
2015-12-16T21:51:43.940+0800: 38.781: Total time for which application threads were stopped: 0.0009478 seconds, Stopping threads took: 0.0001944 seconds
2015-12-16T21:51:43.963+0800: 38.804: Total time for which application threads were stopped: 0.0004177 seconds, Stopping threads took: 0.0000486 seconds
2015-12-16T21:51:43.971+0800: 38.812: Total time for which application threads were stopped: 0.0003222 seconds, Stopping threads took: 0.0000455 seconds
2015-12-16T21:51:43.973+0800: 38.814: Total time for which application threads were stopped: 0.0007243 seconds, Stopping threads took: 0.0000227 seconds
2015-12-16T21:51:43.980+0800: 38.821: Total time for which application threads were stopped: 0.0003372 seconds, Stopping threads took: 0.0000256 seconds
2015-12-16T21:51:44.005+0800: 38.846: Total time for which application threads were stopped: 0.0003151 seconds, Stopping threads took: 0.0000436 seconds
2015-12-16T21:51:44.016+0800: 38.857: Total time for which application threads were stopped: 0.0002979 seconds, Stopping threads took: 0.0000443 seconds
2015-12-16T21:51:44.028+0800: 38.869: Total time for which application threads were stopped: 0.0003110 seconds, Stopping threads took: 0.0000385 seconds
2015-12-16T21:51:44.030+0800: 38.871: Total time for which application threads were stopped: 0.0002880 seconds, Stopping threads took: 0.0000245 seconds
2015-12-16T21:51:44.032+0800: 38.873: Total time for which application threads were stopped: 0.0010612 seconds, Stopping threads took: 0.0000369 seconds
2015-12-16T21:51:44.057+0800: 38.898: Total time for which application threads were stopped: 0.0003310 seconds, Stopping threads took: 0.0000464 seconds
2015-12-16T21:51:44.069+0800: 38.910: Total time for which application threads were stopped: 0.0003201 seconds, Stopping threads took: 0.0000487 seconds
2015-12-16T21:51:44.077+0800: 38.918: Total time for which application threads were stopped: 0.0003138 seconds, Stopping threads took: 0.0000467 seconds
2015-12-16T21:51:44.130+0800: 38.971: Total time for which application threads were stopped: 0.0003014 seconds, Stopping threads took: 0.0000371 seconds
2015-12-16T21:51:44.230+0800: 39.071: Total time for which application threads were stopped: 0.0002916 seconds, Stopping threads took: 0.0000414 seconds
2015-12-16T21:51:44.230+0800: 39.071: Total time for which application threads were stopped: 0.0001563 seconds, Stopping threads took: 0.0000134 seconds
2015-12-16T21:51:44.232+0800: 39.073: Total time for which application threads were stopped: 0.0001919 seconds, Stopping threads took: 0.0000185 seconds
2015-12-16T21:51:44.234+0800: 39.075: Total time for which application threads were stopped: 0.0006697 seconds, Stopping threads took: 0.0000347 seconds
2015-12-16T21:51:44.240+0800: 39.081: Total time for which application threads were stopped: 0.0002063 seconds, Stopping threads took: 0.0000209 seconds
2015-12-16T21:51:44.240+0800: 39.081: Total time for which application threads were stopped: 0.0001796 seconds, Stopping threads took: 0.0000307 seconds
2015-12-16T21:51:44.241+0800: 39.082: Total time for which application threads were stopped: 0.0001627 seconds, Stopping threads took: 0.0000141 seconds
{Heap before GC invocations=9 (full 1):
 par new generation   total 109248K, used 102396K [0x00000007a0000000, 0x00000007a8000000, 0x00000007a8000000)
  eden space 87424K, 100% used [0x00000007a0000000, 0x00000007a5560000, 0x00000007a5560000)
  from space 21824K,  68% used [0x00000007a6ab0000, 0x00000007a794f278, 0x00000007a8000000)
  to   space 21824K,   0% used [0x00000007a5560000, 0x00000007a5560000, 0x00000007a6ab0000)
 concurrent mark-sweep generation total 393216K, used 2606K [0x00000007a8000000, 0x00000007c0000000, 0x00000007c0000000)
 Metaspace       used 30776K, capacity 31152K, committed 31432K, reserved 1077248K
  class space    used 3631K, capacity 3759K, committed 3784K, reserved 1048576K
2015-12-16T21:51:45.041+0800: 39.882: [GC (Allocation Failure) 39.882: [ParNew
Desired survivor size 20112992 bytes, new threshold 8 (max 8)
- age   1:    8893576 bytes,    8893576 total
- age   2:    1535792 bytes,   10429368 total
- age   3:     113080 bytes,   10542448 total
- age   4:     107688 bytes,   10650136 total
- age   5:     134568 bytes,   10784704 total
- age   6:     272864 bytes,   11057568 total
- age   7:    2055392 bytes,   13112960 total
- age   8:     568952 bytes,   13681912 total
: 102396K->16566K(109248K), 0.0819803 secs] 105003K->21442K(502464K), 0.0820795 secs] [Times: user=0.18 sys=0.00, real=0.08 secs] 
Heap after GC invocations=10 (full 1):
 par new generation   total 109248K, used 16566K [0x00000007a0000000, 0x00000007a8000000, 0x00000007a8000000)
  eden space 87424K,   0% used [0x00000007a0000000, 0x00000007a0000000, 0x00000007a5560000)
  from space 21824K,  75% used [0x00000007a5560000, 0x00000007a658dba8, 0x00000007a6ab0000)
  to   space 21824K,   0% used [0x00000007a6ab0000, 0x00000007a6ab0000, 0x00000007a8000000)
 concurrent mark-sweep generation total 393216K, used 4875K [0x00000007a8000000, 0x00000007c0000000, 0x00000007c0000000)
 Metaspace       used 30776K, capacity 31152K, committed 31432K, reserved 1077248K
  class space    used 3631K, capacity 3759K, committed 3784K, reserved 1048576K
}
2015-12-16T21:51:45.123+0800: 39.964: Total time for which application threads were stopped: 0.0826864 seconds, Stopping threads took: 0.0000262 seconds
2015-12-16T21:51:45.126+0800: 39.967: Total time for which application threads were stopped: 0.0002481 seconds, Stopping threads took: 0.0000229 seconds
2015-12-16T21:51:45.131+0800: 39.972: Total time for which application threads were stopped: 0.0003964 seconds, Stopping threads took: 0.0000935 seconds
2015-12-16T21:51:45.138+0800: 39.979: Total time for which application threads were stopped: 0.0003224 seconds, Stopping threads took: 0.0000678 seconds
2015-12-16T21:51:45.140+0800: 39.981: Total time for which application threads were stopped: 0.0003035 seconds, Stopping threads took: 0.0000625 seconds
2015-12-16T21:51:45.141+0800: 39.982: Total time for which application threads were stopped: 0.0002492 seconds, Stopping threads took: 0.0000366 seconds
2015-12-16T21:51:45.141+0800: 39.982: Total time for which application threads were stopped: 0.0002265 seconds, Stopping threads took: 0.0000535 seconds
2015-12-16T21:51:45.142+0800: 39.983: Total time for which application threads were stopped: 0.0003064 seconds, Stopping threads took: 0.0000310 seconds
2015-12-16T21:51:45.154+0800: 39.995: Total time for which application threads were stopped: 0.0002768 seconds, Stopping threads took: 0.0000565 seconds
2015-12-16T21:51:45.158+0800: 39.998: Total time for which application threads were stopped: 0.0002434 seconds, Stopping threads took: 0.0000516 seconds
2015-12-16T21:51:45.198+0800: 40.039: Total time for which application threads were stopped: 0.0002383 seconds, Stopping threads took: 0.0000267 seconds
2015-12-16T21:51:45.200+0800: 40.041: Total time for which application threads were stopped: 0.0002055 seconds, Stopping threads took: 0.0000243 seconds
2015-12-16T21:51:45.200+0800: 40.041: Total time for which application threads were stopped: 0.0001566 seconds, Stopping threads took: 0.0000159 seconds
2015-12-16T21:51:45.200+0800: 40.041: Total time for which application threads were stopped: 0.0001452 seconds, Stopping threads took: 0.0000136 seconds
2015-12-16T21:51:45.200+0800: 40.041: Total time for which application threads were stopped: 0.0001379 seconds, Stopping threads took: 0.0000134 seconds
2015-12-16T21:51:45.200+0800: 40.041: Total time for which application threads were stopped: 0.0001439 seconds, Stopping threads took: 0.0000161 seconds
2015-12-16T21:51:45.200+0800: 40.041: Total time for which application threads were stopped: 0.0001296 seconds, Stopping threads took: 0.0000131 seconds
2015-12-16T21:51:45.201+0800: 40.042: Total time for which application threads were stopped: 0.0001313 seconds, Stopping threads took: 0.0000122 seconds
2015-12-16T21:51:45.201+0800: 40.042: Total time for which application threads were stopped: 0.0001495 seconds, Stopping threads took: 0.0000124 seconds
2015-12-16T21:51:45.201+0800: 40.042: Total time for which application threads were stopped: 0.0001303 seconds, Stopping threads took: 0.0000127 seconds
2015-12-16T21:51:45.201+0800: 40.042: Total time for which application threads were stopped: 0.0001233 seconds, Stopping threads took: 0.0000128 seconds
2015-12-16T21:51:45.201+0800: 40.042: Total time for which application threads were stopped: 0.0001189 seconds, Stopping threads took: 0.0000123 seconds
2015-12-16T21:51:45.202+0800: 40.043: Total time for which application threads were stopped: 0.0001527 seconds, Stopping threads took: 0.0000115 seconds
2015-12-16T21:51:45.202+0800: 40.043: Total time for which application threads were stopped: 0.0002397 seconds, Stopping threads took: 0.0000116 seconds
2015-12-16T21:51:45.202+0800: 40.043: Total time for which application threads were stopped: 0.0002852 seconds, Stopping threads took: 0.0000121 seconds
2015-12-16T21:51:45.203+0800: 40.044: Total time for which application threads were stopped: 0.0004115 seconds, Stopping threads took: 0.0000112 seconds
2015-12-16T21:51:45.203+0800: 40.044: Total time for which application threads were stopped: 0.0002147 seconds, Stopping threads took: 0.0000380 seconds
2015-12-16T21:51:45.203+0800: 40.044: Total time for which application threads were stopped: 0.0001217 seconds, Stopping threads took: 0.0000114 seconds
2015-12-16T21:51:45.203+0800: 40.044: Total time for which application threads were stopped: 0.0001755 seconds, Stopping threads took: 0.0000156 seconds
2015-12-16T21:51:45.204+0800: 40.045: Total time for which application threads were stopped: 0.0001496 seconds, Stopping threads took: 0.0000137 seconds
2015-12-16T21:51:45.204+0800: 40.045: Total time for which application threads were stopped: 0.0001186 seconds, Stopping threads took: 0.0000128 seconds
2015-12-16T21:51:45.204+0800: 40.045: Total time for which application threads were stopped: 0.0003029 seconds, Stopping threads took: 0.0000114 seconds
2015-12-16T21:51:45.204+0800: 40.045: Total time for which application threads were stopped: 0.0001203 seconds, Stopping threads took: 0.0000117 seconds
2015-12-16T21:51:45.213+0800: 40.054: Total time for which application threads were stopped: 0.0002666 seconds, Stopping threads took: 0.0000386 seconds
2015-12-16T21:51:45.214+0800: 40.055: Total time for which application threads were stopped: 0.0002376 seconds, Stopping threads took: 0.0000438 seconds
2015-12-16T21:51:45.214+0800: 40.055: Total time for which application threads were stopped: 0.0001994 seconds, Stopping threads took: 0.0000208 seconds
2015-12-16T21:51:45.215+0800: 40.056: Total time for which application threads were stopped: 0.0002691 seconds, Stopping threads took: 0.0000734 seconds
2015-12-16T21:51:45.217+0800: 40.058: Total time for which application threads were stopped: 0.0002517 seconds, Stopping threads took: 0.0000429 seconds
2015-12-16T21:51:45.217+0800: 40.058: Total time for which application threads were stopped: 0.0002057 seconds, Stopping threads took: 0.0000370 seconds
2015-12-16T21:51:45.218+0800: 40.059: Total time for which application threads were stopped: 0.0001928 seconds, Stopping threads took: 0.0000195 seconds
2015-12-16T21:51:45.218+0800: 40.059: Total time for which application threads were stopped: 0.0001685 seconds, Stopping threads took: 0.0000178 seconds
2015-12-16T21:51:45.219+0800: 40.060: Total time for which application threads were stopped: 0.0001933 seconds, Stopping threads took: 0.0000170 seconds
2015-12-16T21:51:45.221+0800: 40.062: Total time for which application threads were stopped: 0.0002229 seconds, Stopping threads took: 0.0000242 seconds
2015-12-16T21:51:45.223+0800: 40.064: Total time for which application threads were stopped: 0.0002649 seconds, Stopping threads took: 0.0000274 seconds
2015-12-16T21:51:45.226+0800: 40.067: Total time for which application threads were stopped: 0.0002266 seconds, Stopping threads took: 0.0000286 seconds
2015-12-16T21:51:45.250+0800: 40.091: Total time for which application threads were stopped: 0.0004569 seconds, Stopping threads took: 0.0000305 seconds
2015-12-16T21:51:45.265+0800: 40.106: Total time for which application threads were stopped: 0.0003072 seconds, Stopping threads took: 0.0000292 seconds
2015-12-16T21:51:45.274+0800: 40.115: Total time for which application threads were stopped: 0.0003152 seconds, Stopping threads took: 0.0000289 seconds
2015-12-16T21:51:45.278+0800: 40.119: Total time for which application threads were stopped: 0.0002418 seconds, Stopping threads took: 0.0000341 seconds
2015-12-16T21:51:45.281+0800: 40.122: Total time for which application threads were stopped: 0.0002449 seconds, Stopping threads took: 0.0000282 seconds
2015-12-16T21:51:45.285+0800: 40.126: Total time for which application threads were stopped: 0.0002777 seconds, Stopping threads took: 0.0000296 seconds
2015-12-16T21:51:45.318+0800: 40.159: Total time for which application threads were stopped: 0.0003662 seconds, Stopping threads took: 0.0000867 seconds
2015-12-16T21:51:45.319+0800: 40.160: Total time for which application threads were stopped: 0.0003153 seconds, Stopping threads took: 0.0000754 seconds
2015-12-16T21:51:45.319+0800: 40.160: Total time for which application threads were stopped: 0.0002819 seconds, Stopping threads took: 0.0000710 seconds
2015-12-16T21:51:45.319+0800: 40.160: Total time for which application threads were stopped: 0.0002315 seconds, Stopping threads took: 0.0000635 seconds
{Heap before GC invocations=10 (full 1):
 par new generation   total 109248K, used 103990K [0x00000007a0000000, 0x00000007a8000000, 0x00000007a8000000)
  eden space 87424K, 100% used [0x00000007a0000000, 0x00000007a5560000, 0x00000007a5560000)
  from space 21824K,  75% used [0x00000007a5560000, 0x00000007a658dba8, 0x00000007a6ab0000)
  to   space 21824K,   0% used [0x00000007a6ab0000, 0x00000007a6ab0000, 0x00000007a8000000)
 concurrent mark-sweep generation total 393216K, used 4875K [0x00000007a8000000, 0x00000007c0000000, 0x00000007c0000000)
 Metaspace       used 31283K, capacity 31686K, committed 32072K, reserved 1077248K
  class space    used 3676K, capacity 3800K, committed 3912K, reserved 1048576K
2015-12-16T21:51:45.412+0800: 40.253: [GC (Allocation Failure) 40.254: [ParNew
Desired survivor size 20112992 bytes, new threshold 8 (max 8)
- age   1:    2585400 bytes,    2585400 total
- age   2:    6686768 bytes,    9272168 total
- age   3:    1532224 bytes,   10804392 total
- age   4:     113080 bytes,   10917472 total
- age   5:     107616 bytes,   11025088 total
- age   6:     134504 bytes,   11159592 total
- age   7:     272680 bytes,   11432272 total
- age   8:    2010272 bytes,   13442544 total
: 103990K->16754K(109248K), 0.0636827 secs] 108866K->22192K(502464K), 0.0646663 secs] [Times: user=0.15 sys=0.00, real=0.06 secs] 
Heap after GC invocations=11 (full 1):
 par new generation   total 109248K, used 16754K [0x00000007a0000000, 0x00000007a8000000, 0x00000007a8000000)
  eden space 87424K,   0% used [0x00000007a0000000, 0x00000007a0000000, 0x00000007a5560000)
  from space 21824K,  76% used [0x00000007a6ab0000, 0x00000007a7b0cbe0, 0x00000007a8000000)
  to   space 21824K,   0% used [0x00000007a5560000, 0x00000007a5560000, 0x00000007a6ab0000)
 concurrent mark-sweep generation total 393216K, used 5437K [0x00000007a8000000, 0x00000007c0000000, 0x00000007c0000000)
 Metaspace       used 31283K, capacity 31686K, committed 32072K, reserved 1077248K
  class space    used 3676K, capacity 3800K, committed 3912K, reserved 1048576K
}
2015-12-16T21:51:45.477+0800: 40.318: Total time for which application threads were stopped: 0.0651233 seconds, Stopping threads took: 0.0000297 seconds
2015-12-16T21:51:45.478+0800: 40.319: Total time for which application threads were stopped: 0.0003065 seconds, Stopping threads took: 0.0000875 seconds
2015-12-16T21:51:45.478+0800: 40.319: Total time for which application threads were stopped: 0.0002636 seconds, Stopping threads took: 0.0000442 seconds
2015-12-16T21:51:45.478+0800: 40.319: Total time for which application threads were stopped: 0.0001903 seconds, Stopping threads took: 0.0000339 seconds
2015-12-16T21:51:45.479+0800: 40.320: Total time for which application threads were stopped: 0.0002571 seconds, Stopping threads took: 0.0000895 seconds
2015-12-16T21:51:45.482+0800: 40.323: Total time for which application threads were stopped: 0.0003036 seconds, Stopping threads took: 0.0000658 seconds
2015-12-16T21:51:45.482+0800: 40.323: Total time for which application threads were stopped: 0.0002531 seconds, Stopping threads took: 0.0000787 seconds
2015-12-16T21:51:45.599+0800: 40.440: Total time for which application threads were stopped: 0.0003459 seconds, Stopping threads took: 0.0000796 seconds
2015-12-16T21:51:45.601+0800: 40.442: Total time for which application threads were stopped: 0.0014134 seconds, Stopping threads took: 0.0011554 seconds
{Heap before GC invocations=11 (full 1):
 par new generation   total 109248K, used 104178K [0x00000007a0000000, 0x00000007a8000000, 0x00000007a8000000)
  eden space 87424K, 100% used [0x00000007a0000000, 0x00000007a5560000, 0x00000007a5560000)
  from space 21824K,  76% used [0x00000007a6ab0000, 0x00000007a7b0cbe0, 0x00000007a8000000)
  to   space 21824K,   0% used [0x00000007a5560000, 0x00000007a5560000, 0x00000007a6ab0000)
 concurrent mark-sweep generation total 393216K, used 5437K [0x00000007a8000000, 0x00000007c0000000, 0x00000007c0000000)
 Metaspace       used 31304K, capacity 31698K, committed 32072K, reserved 1077248K
  class space    used 3678K, capacity 3802K, committed 3912K, reserved 1048576K
2015-12-16T21:51:45.629+0800: 40.470: [GC (Allocation Failure) 40.471: [ParNew
Desired survivor size 20112992 bytes, new threshold 8 (max 8)
- age   1:     221888 bytes,     221888 total
- age   2:    2069584 bytes,    2291472 total
- age   3:    6686744 bytes,    8978216 total
- age   4:    1532224 bytes,   10510440 total
- age   5:     113080 bytes,   10623520 total
- age   6:     107616 bytes,   10731136 total
- age   7:     134504 bytes,   10865640 total
- age   8:     272680 bytes,   11138320 total
: 104178K->14398K(109248K), 0.0220810 secs] 109616K->21837K(502464K), 0.0221750 secs] [Times: user=0.07 sys=0.01, real=0.03 secs] 
Heap after GC invocations=12 (full 1):
 par new generation   total 109248K, used 14398K [0x00000007a0000000, 0x00000007a8000000, 0x00000007a8000000)
  eden space 87424K,   0% used [0x00000007a0000000, 0x00000007a0000000, 0x00000007a5560000)
  from space 21824K,  65% used [0x00000007a5560000, 0x00000007a636f930, 0x00000007a6ab0000)
  to   space 21824K,   0% used [0x00000007a6ab0000, 0x00000007a6ab0000, 0x00000007a8000000)
 concurrent mark-sweep generation total 393216K, used 7438K [0x00000007a8000000, 0x00000007c0000000, 0x00000007c0000000)
 Metaspace       used 31304K, capacity 31698K, committed 32072K, reserved 1077248K
  class space    used 3678K, capacity 3802K, committed 3912K, reserved 1048576K
}
2015-12-16T21:51:45.652+0800: 40.493: Total time for which application threads were stopped: 0.0225943 seconds, Stopping threads took: 0.0000459 seconds
2015-12-16T21:51:45.694+0800: 40.536: Total time for which application threads were stopped: 0.0002371 seconds, Stopping threads took: 0.0000271 seconds
2015-12-16T21:51:45.705+0800: 40.546: Total time for which application threads were stopped: 0.0002361 seconds, Stopping threads took: 0.0000277 seconds
2015-12-16T21:51:45.708+0800: 40.549: Total time for which application threads were stopped: 0.0002917 seconds, Stopping threads took: 0.0000497 seconds
2015-12-16T21:51:45.708+0800: 40.549: Total time for which application threads were stopped: 0.0001954 seconds, Stopping threads took: 0.0000366 seconds
2015-12-16T21:51:45.717+0800: 40.558: Total time for which application threads were stopped: 0.0002648 seconds, Stopping threads took: 0.0000382 seconds
2015-12-16T21:51:45.733+0800: 40.574: Total time for which application threads were stopped: 0.0002313 seconds, Stopping threads took: 0.0000280 seconds
2015-12-16T21:51:45.737+0800: 40.578: Total time for which application threads were stopped: 0.0002519 seconds, Stopping threads took: 0.0000318 seconds
2015-12-16T21:51:45.742+0800: 40.583: Total time for which application threads were stopped: 0.0002885 seconds, Stopping threads took: 0.0000518 seconds
2015-12-16T21:51:45.750+0800: 40.591: Total time for which application threads were stopped: 0.0004523 seconds, Stopping threads took: 0.0000311 seconds
2015-12-16T21:51:45.754+0800: 40.595: Total time for which application threads were stopped: 0.0002269 seconds, Stopping threads took: 0.0000279 seconds
2015-12-16T21:51:45.758+0800: 40.600: Total time for which application threads were stopped: 0.0011236 seconds, Stopping threads took: 0.0000341 seconds
2015-12-16T21:51:45.764+0800: 40.605: Total time for which application threads were stopped: 0.0005281 seconds, Stopping threads took: 0.0000315 seconds
2015-12-16T21:51:45.768+0800: 40.609: Total time for which application threads were stopped: 0.0003476 seconds, Stopping threads took: 0.0000347 seconds
2015-12-16T21:51:45.772+0800: 40.613: Total time for which application threads were stopped: 0.0002488 seconds, Stopping threads took: 0.0000430 seconds
2015-12-16T21:51:45.775+0800: 40.616: Total time for which application threads were stopped: 0.0002937 seconds, Stopping threads took: 0.0000431 seconds
2015-12-16T21:51:45.797+0800: 40.639: Total time for which application threads were stopped: 0.0005286 seconds, Stopping threads took: 0.0000286 seconds
2015-12-16T21:51:45.799+0800: 40.640: Total time for which application threads were stopped: 0.0002185 seconds, Stopping threads took: 0.0000257 seconds
2015-12-16T21:51:45.799+0800: 40.640: Total time for which application threads were stopped: 0.0001664 seconds, Stopping threads took: 0.0000192 seconds
2015-12-16T21:51:45.800+0800: 40.641: Total time for which application threads were stopped: 0.0001512 seconds, Stopping threads took: 0.0000167 seconds
2015-12-16T21:51:45.800+0800: 40.641: Total time for which application threads were stopped: 0.0001379 seconds, Stopping threads took: 0.0000150 seconds
2015-12-16T21:51:45.800+0800: 40.641: Total time for which application threads were stopped: 0.0001351 seconds, Stopping threads took: 0.0000138 seconds
2015-12-16T21:51:45.800+0800: 40.641: Total time for which application threads were stopped: 0.0001773 seconds, Stopping threads took: 0.0000158 seconds
2015-12-16T21:51:45.814+0800: 40.655: Total time for which application threads were stopped: 0.0002944 seconds, Stopping threads took: 0.0000618 seconds
2015-12-16T21:51:45.817+0800: 40.658: Total time for which application threads were stopped: 0.0002606 seconds, Stopping threads took: 0.0000513 seconds
2015-12-16T21:51:45.817+0800: 40.658: Total time for which application threads were stopped: 0.0002451 seconds, Stopping threads took: 0.0000565 seconds
2015-12-16T21:51:45.817+0800: 40.658: Total time for which application threads were stopped: 0.0002087 seconds, Stopping threads took: 0.0000413 seconds
2015-12-16T21:51:45.818+0800: 40.659: Total time for which application threads were stopped: 0.0001897 seconds, Stopping threads took: 0.0000434 seconds
2015-12-16T21:51:45.818+0800: 40.659: Total time for which application threads were stopped: 0.0001808 seconds, Stopping threads took: 0.0000429 seconds
2015-12-16T21:51:45.818+0800: 40.659: Total time for which application threads were stopped: 0.0001943 seconds, Stopping threads took: 0.0000557 seconds
2015-12-16T21:51:45.818+0800: 40.659: Total time for which application threads were stopped: 0.0001651 seconds, Stopping threads took: 0.0000390 seconds
2015-12-16T21:51:45.818+0800: 40.659: Total time for which application threads were stopped: 0.0001773 seconds, Stopping threads took: 0.0000408 seconds
2015-12-16T21:51:45.819+0800: 40.660: Total time for which application threads were stopped: 0.0001578 seconds, Stopping threads took: 0.0000298 seconds
2015-12-16T21:51:45.819+0800: 40.660: Total time for which application threads were stopped: 0.0001608 seconds, Stopping threads took: 0.0000347 seconds
2015-12-16T21:51:45.819+0800: 40.660: Total time for which application threads were stopped: 0.0001604 seconds, Stopping threads took: 0.0000389 seconds
2015-12-16T21:51:45.819+0800: 40.660: Total time for which application threads were stopped: 0.0001614 seconds, Stopping threads took: 0.0000315 seconds
2015-12-16T21:51:45.819+0800: 40.660: Total time for which application threads were stopped: 0.0001645 seconds, Stopping threads took: 0.0000406 seconds
2015-12-16T21:51:45.820+0800: 40.661: Total time for which application threads were stopped: 0.0001785 seconds, Stopping threads took: 0.0000464 seconds
2015-12-16T21:51:45.820+0800: 40.661: Total time for which application threads were stopped: 0.0001640 seconds, Stopping threads took: 0.0000365 seconds
2015-12-16T21:51:45.820+0800: 40.661: Total time for which application threads were stopped: 0.0001618 seconds, Stopping threads took: 0.0000353 seconds
2015-12-16T21:51:45.820+0800: 40.661: Total time for which application threads were stopped: 0.0001655 seconds, Stopping threads took: 0.0000443 seconds
2015-12-16T21:51:45.820+0800: 40.661: Total time for which application threads were stopped: 0.0001612 seconds, Stopping threads took: 0.0000330 seconds
2015-12-16T21:51:45.821+0800: 40.662: Total time for which application threads were stopped: 0.0001577 seconds, Stopping threads took: 0.0000345 seconds
2015-12-16T21:51:45.821+0800: 40.662: Total time for which application threads were stopped: 0.0003795 seconds, Stopping threads took: 0.0000302 seconds
2015-12-16T21:51:45.822+0800: 40.663: Total time for which application threads were stopped: 0.0002172 seconds, Stopping threads took: 0.0000811 seconds
2015-12-16T21:51:45.824+0800: 40.665: Total time for which application threads were stopped: 0.0002648 seconds, Stopping threads took: 0.0000456 seconds
2015-12-16T21:51:45.825+0800: 40.666: Total time for which application threads were stopped: 0.0002609 seconds, Stopping threads took: 0.0000806 seconds
2015-12-16T21:51:45.827+0800: 40.668: Total time for which application threads were stopped: 0.0002671 seconds, Stopping threads took: 0.0000455 seconds
2015-12-16T21:51:45.853+0800: 40.694: Total time for which application threads were stopped: 0.0002385 seconds, Stopping threads took: 0.0000284 seconds
2015-12-16T21:51:45.934+0800: 40.775: Total time for which application threads were stopped: 0.0004432 seconds, Stopping threads took: 0.0001902 seconds
2015-12-16T21:51:45.937+0800: 40.778: Total time for which application threads were stopped: 0.0009673 seconds, Stopping threads took: 0.0007464 seconds
{Heap before GC invocations=12 (full 1):
 par new generation   total 109248K, used 101822K [0x00000007a0000000, 0x00000007a8000000, 0x00000007a8000000)
  eden space 87424K, 100% used [0x00000007a0000000, 0x00000007a5560000, 0x00000007a5560000)
  from space 21824K,  65% used [0x00000007a5560000, 0x00000007a636f930, 0x00000007a6ab0000)
  to   space 21824K,   0% used [0x00000007a6ab0000, 0x00000007a6ab0000, 0x00000007a8000000)
 concurrent mark-sweep generation total 393216K, used 7438K [0x00000007a8000000, 0x00000007c0000000, 0x00000007c0000000)
 Metaspace       used 31408K, capacity 31920K, committed 32328K, reserved 1077248K
  class space    used 3683K, capacity 3807K, committed 3912K, reserved 1048576K
2015-12-16T21:51:46.044+0800: 40.885: [GC (Allocation Failure) 40.885: [ParNew
Desired survivor size 20112992 bytes, new threshold 8 (max 8)
- age   1:    4162416 bytes,    4162416 total
- age   2:      76880 bytes,    4239296 total
- age   3:    1235520 bytes,    5474816 total
- age   4:    5112952 bytes,   10587768 total
- age   5:    1532224 bytes,   12119992 total
- age   6:     113080 bytes,   12233072 total
- age   7:     107616 bytes,   12340688 total
- age   8:     134296 bytes,   12474984 total
: 101822K->13984K(109248K), 0.0136786 secs] 109261K->21693K(502464K), 0.0137677 secs] [Times: user=0.05 sys=0.00, real=0.01 secs] 
Heap after GC invocations=13 (full 1):
 par new generation   total 109248K, used 13984K [0x00000007a0000000, 0x00000007a8000000, 0x00000007a8000000)
  eden space 87424K,   0% used [0x00000007a0000000, 0x00000007a0000000, 0x00000007a5560000)
  from space 21824K,  64% used [0x00000007a6ab0000, 0x00000007a7858220, 0x00000007a8000000)
  to   space 21824K,   0% used [0x00000007a5560000, 0x00000007a5560000, 0x00000007a6ab0000)
 concurrent mark-sweep generation total 393216K, used 7708K [0x00000007a8000000, 0x00000007c0000000, 0x00000007c0000000)
 Metaspace       used 31408K, capacity 31920K, committed 32328K, reserved 1077248K
  class space    used 3683K, capacity 3807K, committed 3912K, reserved 1048576K
}
2015-12-16T21:51:46.058+0800: 40.899: Total time for which application threads were stopped: 0.0141464 seconds, Stopping threads took: 0.0000538 seconds
2015-12-16T21:51:46.058+0800: 40.899: Total time for which application threads were stopped: 0.0003127 seconds, Stopping threads took: 0.0000993 seconds
2015-12-16T21:51:46.059+0800: 40.900: Total time for which application threads were stopped: 0.0003361 seconds, Stopping threads took: 0.0001107 seconds
{Heap before GC invocations=13 (full 1):
 par new generation   total 109248K, used 101408K [0x00000007a0000000, 0x00000007a8000000, 0x00000007a8000000)
  eden space 87424K, 100% used [0x00000007a0000000, 0x00000007a5560000, 0x00000007a5560000)
  from space 21824K,  64% used [0x00000007a6ab0000, 0x00000007a7858220, 0x00000007a8000000)
  to   space 21824K,   0% used [0x00000007a5560000, 0x00000007a5560000, 0x00000007a6ab0000)
 concurrent mark-sweep generation total 393216K, used 7708K [0x00000007a8000000, 0x00000007c0000000, 0x00000007c0000000)
 Metaspace       used 31435K, capacity 31938K, committed 32328K, reserved 1077248K
  class space    used 3685K, capacity 3810K, committed 3912K, reserved 1048576K
2015-12-16T21:51:46.226+0800: 41.067: [GC (Allocation Failure) 41.067: [ParNew
Desired survivor size 20112992 bytes, new threshold 8 (max 8)
- age   1:     113592 bytes,     113592 total
- age   2:    3886432 bytes,    4000024 total
- age   3:      76880 bytes,    4076904 total
- age   4:    1190248 bytes,    5267152 total
- age   5:    5112888 bytes,   10380040 total
- age   6:    1532224 bytes,   11912264 total
- age   7:     113080 bytes,   12025344 total
- age   8:     107616 bytes,   12132960 total
: 101408K->16995K(109248K), 0.0314039 secs] 109117K->24839K(502464K), 0.0314912 secs] [Times: user=0.09 sys=0.00, real=0.03 secs] 
Heap after GC invocations=14 (full 1):
 par new generation   total 109248K, used 16995K [0x00000007a0000000, 0x00000007a8000000, 0x00000007a8000000)
  eden space 87424K,   0% used [0x00000007a0000000, 0x00000007a0000000, 0x00000007a5560000)
  from space 21824K,  77% used [0x00000007a5560000, 0x00000007a65f8d98, 0x00000007a6ab0000)
  to   space 21824K,   0% used [0x00000007a6ab0000, 0x00000007a6ab0000, 0x00000007a8000000)
 concurrent mark-sweep generation total 393216K, used 7844K [0x00000007a8000000, 0x00000007c0000000, 0x00000007c0000000)
 Metaspace       used 31435K, capacity 31938K, committed 32328K, reserved 1077248K
  class space    used 3685K, capacity 3810K, committed 3912K, reserved 1048576K
}
2015-12-16T21:51:46.258+0800: 41.099: Total time for which application threads were stopped: 0.0319334 seconds, Stopping threads took: 0.0000483 seconds
2015-12-16T21:51:46.396+0800: 41.237: Total time for which application threads were stopped: 0.0003049 seconds, Stopping threads took: 0.0000264 seconds
2015-12-16T21:51:46.399+0800: 41.240: Total time for which application threads were stopped: 0.0002869 seconds, Stopping threads took: 0.0000901 seconds
2015-12-16T21:51:46.414+0800: 41.255: Total time for which application threads were stopped: 0.0002967 seconds, Stopping threads took: 0.0000595 seconds
2015-12-16T21:51:46.415+0800: 41.256: Total time for which application threads were stopped: 0.0001957 seconds, Stopping threads took: 0.0000232 seconds
2015-12-16T21:51:46.415+0800: 41.256: Total time for which application threads were stopped: 0.0001584 seconds, Stopping threads took: 0.0000176 seconds
2015-12-16T21:51:46.415+0800: 41.256: Total time for which application threads were stopped: 0.0001506 seconds, Stopping threads took: 0.0000160 seconds
2015-12-16T21:51:46.415+0800: 41.256: Total time for which application threads were stopped: 0.0001431 seconds, Stopping threads took: 0.0000167 seconds
2015-12-16T21:51:46.416+0800: 41.257: Total time for which application threads were stopped: 0.0001597 seconds, Stopping threads took: 0.0000143 seconds
2015-12-16T21:51:46.416+0800: 41.257: Total time for which application threads were stopped: 0.0001332 seconds, Stopping threads took: 0.0000141 seconds
2015-12-16T21:51:46.430+0800: 41.271: Total time for which application threads were stopped: 0.0002318 seconds, Stopping threads took: 0.0000258 seconds
2015-12-16T21:51:46.431+0800: 41.272: Total time for which application threads were stopped: 0.0001634 seconds, Stopping threads took: 0.0000174 seconds
2015-12-16T21:51:46.433+0800: 41.274: Total time for which application threads were stopped: 0.0002303 seconds, Stopping threads took: 0.0000264 seconds
2015-12-16T21:51:47.438+0800: 42.279: Total time for which application threads were stopped: 0.0003588 seconds, Stopping threads took: 0.0000508 seconds
2015-12-16T21:51:52.162+0800: 47.003: Total time for which application threads were stopped: 0.0002971 seconds, Stopping threads took: 0.0000981 seconds
2015-12-16T21:51:52.163+0800: 47.004: Total time for which application threads were stopped: 0.0001819 seconds, Stopping threads took: 0.0000423 seconds
2015-12-16T21:51:52.163+0800: 47.004: Total time for which application threads were stopped: 0.0001799 seconds, Stopping threads took: 0.0000517 seconds
2015-12-16T21:51:52.166+0800: 47.007: Total time for which application threads were stopped: 0.0006486 seconds, Stopping threads took: 0.0005108 seconds
2015-12-16T21:51:52.184+0800: 47.025: Total time for which application threads were stopped: 0.0004574 seconds, Stopping threads took: 0.0000203 seconds
2015-12-16T21:51:52.187+0800: 47.028: Total time for which application threads were stopped: 0.0001525 seconds, Stopping threads took: 0.0000343 seconds
2015-12-16T21:51:52.196+0800: 47.037: Total time for which application threads were stopped: 0.0001754 seconds, Stopping threads took: 0.0000344 seconds
2015-12-16T21:51:52.196+0800: 47.037: Total time for which application threads were stopped: 0.0001191 seconds, Stopping threads took: 0.0000217 seconds
2015-12-16T21:51:52.196+0800: 47.038: Total time for which application threads were stopped: 0.0001104 seconds, Stopping threads took: 0.0000090 seconds
2015-12-16T21:51:52.197+0800: 47.038: Total time for which application threads were stopped: 0.0001485 seconds, Stopping threads took: 0.0000630 seconds
2015-12-16T21:51:52.197+0800: 47.038: Total time for which application threads were stopped: 0.0001073 seconds, Stopping threads took: 0.0000277 seconds
2015-12-16T21:51:52.197+0800: 47.038: Total time for which application threads were stopped: 0.0001117 seconds, Stopping threads took: 0.0000268 seconds
2015-12-16T21:51:52.197+0800: 47.038: Total time for which application threads were stopped: 0.0001028 seconds, Stopping threads took: 0.0000293 seconds
2015-12-16T21:51:52.197+0800: 47.038: Total time for which application threads were stopped: 0.0000907 seconds, Stopping threads took: 0.0000102 seconds
2015-12-16T21:51:52.197+0800: 47.038: Total time for which application threads were stopped: 0.0000792 seconds, Stopping threads took: 0.0000083 seconds
2015-12-16T21:51:52.197+0800: 47.038: Total time for which application threads were stopped: 0.0000835 seconds, Stopping threads took: 0.0000099 seconds
2015-12-16T21:51:52.197+0800: 47.039: Total time for which application threads were stopped: 0.0000914 seconds, Stopping threads took: 0.0000249 seconds
2015-12-16T21:51:52.198+0800: 47.039: Total time for which application threads were stopped: 0.0000957 seconds, Stopping threads took: 0.0000248 seconds
2015-12-16T21:51:52.198+0800: 47.039: Total time for which application threads were stopped: 0.0001133 seconds, Stopping threads took: 0.0000440 seconds
2015-12-16T21:51:52.198+0800: 47.039: Total time for which application threads were stopped: 0.0001869 seconds, Stopping threads took: 0.0000241 seconds
2015-12-16T21:51:52.202+0800: 47.043: Total time for which application threads were stopped: 0.0001866 seconds, Stopping threads took: 0.0000238 seconds
2015-12-16T21:51:52.204+0800: 47.045: Total time for which application threads were stopped: 0.0001930 seconds, Stopping threads took: 0.0000439 seconds
2015-12-16T21:51:53.207+0800: 48.048: Total time for which application threads were stopped: 0.0001810 seconds, Stopping threads took: 0.0000347 seconds
2015-12-16T21:51:53.877+0800: 48.719: Total time for which application threads were stopped: 0.0001573 seconds, Stopping threads took: 0.0000224 seconds
2015-12-16T21:51:53.881+0800: 48.722: Total time for which application threads were stopped: 0.0001509 seconds, Stopping threads took: 0.0000166 seconds
2015-12-16T21:51:53.889+0800: 48.730: Total time for which application threads were stopped: 0.0001900 seconds, Stopping threads took: 0.0000207 seconds
2015-12-16T21:51:53.924+0800: 48.765: Total time for which application threads were stopped: 0.0001774 seconds, Stopping threads took: 0.0000369 seconds
2015-12-16T21:51:53.925+0800: 48.766: Total time for which application threads were stopped: 0.0001730 seconds, Stopping threads took: 0.0000442 seconds
2015-12-16T21:51:53.929+0800: 48.770: Total time for which application threads were stopped: 0.0004846 seconds, Stopping threads took: 0.0000216 seconds
2015-12-16T21:51:53.980+0800: 48.821: Total time for which application threads were stopped: 0.0002175 seconds, Stopping threads took: 0.0000392 seconds
2015-12-16T21:51:53.981+0800: 48.822: Total time for which application threads were stopped: 0.0001474 seconds, Stopping threads took: 0.0000319 seconds
2015-12-16T21:51:53.989+0800: 48.830: Total time for which application threads were stopped: 0.0001512 seconds, Stopping threads took: 0.0000178 seconds
2015-12-16T21:51:53.989+0800: 48.830: Total time for which application threads were stopped: 0.0001039 seconds, Stopping threads took: 0.0000253 seconds
2015-12-16T21:51:53.998+0800: 48.839: Total time for which application threads were stopped: 0.0001570 seconds, Stopping threads took: 0.0000286 seconds
2015-12-16T21:51:54.004+0800: 48.845: Total time for which application threads were stopped: 0.0001774 seconds, Stopping threads took: 0.0000332 seconds
2015-12-16T21:51:54.005+0800: 48.846: Total time for which application threads were stopped: 0.0001209 seconds, Stopping threads took: 0.0000274 seconds
2015-12-16T21:51:54.005+0800: 48.846: Total time for which application threads were stopped: 0.0001158 seconds, Stopping threads took: 0.0000103 seconds
2015-12-16T21:51:54.005+0800: 48.846: Total time for which application threads were stopped: 0.0001148 seconds, Stopping threads took: 0.0000247 seconds
2015-12-16T21:51:54.006+0800: 48.847: Total time for which application threads were stopped: 0.0003742 seconds, Stopping threads took: 0.0000066 seconds
2015-12-16T21:51:54.008+0800: 48.849: Total time for which application threads were stopped: 0.0001576 seconds, Stopping threads took: 0.0000315 seconds
2015-12-16T21:51:54.008+0800: 48.850: Total time for which application threads were stopped: 0.0003338 seconds, Stopping threads took: 0.0000074 seconds
2015-12-16T21:51:54.009+0800: 48.850: Total time for which application threads were stopped: 0.0001209 seconds, Stopping threads took: 0.0000266 seconds
2015-12-16T21:51:54.012+0800: 48.853: Total time for which application threads were stopped: 0.0003896 seconds, Stopping threads took: 0.0000263 seconds
2015-12-16T21:51:54.013+0800: 48.854: Total time for which application threads were stopped: 0.0002605 seconds, Stopping threads took: 0.0000221 seconds
2015-12-16T21:51:54.017+0800: 48.859: Total time for which application threads were stopped: 0.0001742 seconds, Stopping threads took: 0.0000283 seconds
2015-12-16T21:51:54.019+0800: 48.860: Total time for which application threads were stopped: 0.0001943 seconds, Stopping threads took: 0.0000448 seconds
2015-12-16T21:51:54.024+0800: 48.866: Total time for which application threads were stopped: 0.0001543 seconds, Stopping threads took: 0.0000208 seconds
2015-12-16T21:51:54.026+0800: 48.867: Total time for which application threads were stopped: 0.0001751 seconds, Stopping threads took: 0.0000459 seconds
2015-12-16T21:51:54.026+0800: 48.867: Total time for which application threads were stopped: 0.0001682 seconds, Stopping threads took: 0.0000499 seconds
2015-12-16T21:51:54.026+0800: 48.868: Total time for which application threads were stopped: 0.0001490 seconds, Stopping threads took: 0.0000563 seconds
2015-12-16T21:51:54.027+0800: 48.868: Total time for which application threads were stopped: 0.0001486 seconds, Stopping threads took: 0.0000650 seconds
2015-12-16T21:51:54.027+0800: 48.868: Total time for which application threads were stopped: 0.0001278 seconds, Stopping threads took: 0.0000490 seconds
2015-12-16T21:51:54.027+0800: 48.868: Total time for which application threads were stopped: 0.0001293 seconds, Stopping threads took: 0.0000454 seconds
2015-12-16T21:51:54.027+0800: 48.868: Total time for which application threads were stopped: 0.0001285 seconds, Stopping threads took: 0.0000390 seconds
2015-12-16T21:51:54.027+0800: 48.869: Total time for which application threads were stopped: 0.0001350 seconds, Stopping threads took: 0.0000582 seconds
2015-12-16T21:51:54.029+0800: 48.870: Total time for which application threads were stopped: 0.0001544 seconds, Stopping threads took: 0.0000270 seconds
2015-12-16T21:51:54.030+0800: 48.871: Total time for which application threads were stopped: 0.0001748 seconds, Stopping threads took: 0.0000175 seconds
2015-12-16T21:51:54.030+0800: 48.871: Total time for which application threads were stopped: 0.0001811 seconds, Stopping threads took: 0.0000305 seconds
2015-12-16T21:51:54.030+0800: 48.872: Total time for which application threads were stopped: 0.0002144 seconds, Stopping threads took: 0.0000752 seconds
2015-12-16T21:51:54.031+0800: 48.872: Total time for which application threads were stopped: 0.0001330 seconds, Stopping threads took: 0.0000434 seconds
2015-12-16T21:51:54.031+0800: 48.872: Total time for which application threads were stopped: 0.0001263 seconds, Stopping threads took: 0.0000367 seconds
2015-12-16T21:51:54.031+0800: 48.872: Total time for which application threads were stopped: 0.0001304 seconds, Stopping threads took: 0.0000299 seconds
2015-12-16T21:51:54.037+0800: 48.878: Total time for which application threads were stopped: 0.0011975 seconds, Stopping threads took: 0.0010606 seconds
2015-12-16T21:51:54.037+0800: 48.878: Total time for which application threads were stopped: 0.0001369 seconds, Stopping threads took: 0.0000246 seconds
2015-12-16T21:51:54.043+0800: 48.884: Total time for which application threads were stopped: 0.0001768 seconds, Stopping threads took: 0.0000437 seconds
2015-12-16T21:51:54.052+0800: 48.893: Total time for which application threads were stopped: 0.0002052 seconds, Stopping threads took: 0.0000397 seconds
2015-12-16T21:51:54.058+0800: 48.899: Total time for which application threads were stopped: 0.0008907 seconds, Stopping threads took: 0.0000566 seconds
2015-12-16T21:51:54.060+0800: 48.901: Total time for which application threads were stopped: 0.0002310 seconds, Stopping threads took: 0.0000280 seconds
2015-12-16T21:51:54.061+0800: 48.902: Total time for which application threads were stopped: 0.0002525 seconds, Stopping threads took: 0.0000805 seconds
2015-12-16T21:51:54.064+0800: 48.906: Total time for which application threads were stopped: 0.0008049 seconds, Stopping threads took: 0.0000256 seconds
2015-12-16T21:51:54.085+0800: 48.926: Total time for which application threads were stopped: 0.0002821 seconds, Stopping threads took: 0.0000468 seconds
2015-12-16T21:51:54.085+0800: 48.926: Total time for which application threads were stopped: 0.0001853 seconds, Stopping threads took: 0.0000303 seconds
2015-12-16T21:51:54.085+0800: 48.926: Total time for which application threads were stopped: 0.0001819 seconds, Stopping threads took: 0.0000354 seconds
2015-12-16T21:51:54.087+0800: 48.929: Total time for which application threads were stopped: 0.0001862 seconds, Stopping threads took: 0.0000235 seconds
2015-12-16T21:51:54.088+0800: 48.929: Total time for which application threads were stopped: 0.0001332 seconds, Stopping threads took: 0.0000623 seconds
2015-12-16T21:52:35.237+0800: 90.079: Total time for which application threads were stopped: 0.0001872 seconds, Stopping threads took: 0.0000259 seconds
2015-12-16T22:04:21.092+0800: 795.950: Total time for which application threads were stopped: 0.0004552 seconds, Stopping threads took: 0.0000727 seconds
2015-12-16T22:06:45.428+0800: 940.289: Total time for which application threads were stopped: 0.0003364 seconds, Stopping threads took: 0.0000581 seconds
2015-12-16T22:10:26.979+0800: 1161.845: Total time for which application threads were stopped: 0.0001695 seconds, Stopping threads took: 0.0000237 seconds
2015-12-16T22:14:17.597+0800: 1392.468: Total time for which application threads were stopped: 0.0001716 seconds, Stopping threads took: 0.0000228 seconds
2015-12-16T22:24:16.020+0800: 1990.903: Total time for which application threads were stopped: 0.0001818 seconds, Stopping threads took: 0.0000239 seconds
2015-12-16T22:27:45.561+0800: 2200.448: Total time for which application threads were stopped: 0.0003763 seconds, Stopping threads took: 0.0000958 seconds
2015-12-16T22:33:47.494+0800: 2562.389: Total time for which application threads were stopped: 0.0002040 seconds, Stopping threads took: 0.0000457 seconds
2015-12-16T22:34:17.553+0800: 2592.448: Total time for which application threads were stopped: 0.0002514 seconds, Stopping threads took: 0.0000303 seconds
2015-12-16T22:36:06.831+0800: 2701.728: Total time for which application threads were stopped: 0.0004064 seconds, Stopping threads took: 0.0000884 seconds
2015-12-16T22:51:07.275+0800: 3602.189: Total time for which application threads were stopped: 0.0003647 seconds, Stopping threads took: 0.0000480 seconds
2015-12-16T22:54:06.752+0800: 3781.670: Total time for which application threads were stopped: 0.0003997 seconds, Stopping threads took: 0.0000544 seconds
2015-12-16T22:55:37.980+0800: 3872.899: Total time for which application threads were stopped: 0.0002188 seconds, Stopping threads took: 0.0000245 seconds
2015-12-16T22:58:11.404+0800: 4026.326: Total